Component: ARM Compiler 5.06 update 4 (build 422) Tool: armlink [4d35d2]

==============================================================================

Section Cross References

    uart_device.o(i.dbus_uart_callback) refers to uart_device.o(i.remote_data_handle) for remote_data_handle
    uart_device.o(i.dbus_uart_callback) refers to uart_device.o(.bss) for dbus_recv
    uart_device.o(i.remote_data_handle) refers to rt_memclr.o(.text) for __aeabi_memclr
    can_device.o(i.can1_recv_callback) refers to can_device.o(i.get_moto_offset) for get_moto_offset
    can_device.o(i.can1_recv_callback) refers to can_device.o(i.encoder_data_handle) for encoder_data_handle
    can_device.o(i.can1_recv_callback) refers to can_device.o(.bss) for moto_chassis
    can_device.o(i.send_chassis_moto_current) refers to bsp_can.o(i.write_can) for write_can
    can_device.o(i.send_chassis_moto_current) refers to can_device.o(.data) for data
    can_device.o(i.send_chassis_moto_zero_current) refers to bsp_can.o(i.write_can) for write_can
    can_device.o(i.send_chassis_moto_zero_current) refers to can_device.o(.data) for data
    can_device.o(i.send_gimbal_moto_current) refers to bsp_can.o(i.write_can) for write_can
    can_device.o(i.send_gimbal_moto_current) refers to can_device.o(.data) for trigger_moto_current
    can_device.o(i.send_gimbal_moto_zero_current) refers to bsp_can.o(i.write_can) for write_can
    can_device.o(i.send_gimbal_moto_zero_current) refers to can_device.o(.data) for data
    can_device.o(i.set_test_motor_current_left) refers to bsp_can.o(i.write_can) for write_can
    can_device.o(i.set_test_motor_current_left) refers to can_device.o(.data) for data
    pid.o(i.pid_calc) refers to pid.o(i.abs_limit) for abs_limit
    ramp.o(.data) refers to ramp.o(i.ramp_init) for ramp_init
    ramp.o(.data) refers to ramp.o(i.ramp_calc) for ramp_calc
    startup.o(i.init_setup) refers to bsp_io.o(i.write_led_io) for write_led_io
    startup.o(i.init_setup) refers to bsp_io.o(i.digital_tube_init) for digital_tube_init
    startup.o(i.init_setup) refers to stm32f4xx_hal.o(i.HAL_Delay) for HAL_Delay
    startup.o(i.init_setup) refers to bsp_uart.o(i.uart_init) for uart_init
    startup.o(i.init_setup) refers to bsp_uart.o(i.uart_recv_callback_register) for uart_recv_callback_register
    startup.o(i.init_setup) refers to bsp_uart.o(i.uart_receive_start) for uart_receive_start
    startup.o(i.init_setup) refers to bsp_can.o(i.can_device_init) for can_device_init
    startup.o(i.init_setup) refers to bsp_can.o(i.can_recv_callback_register) for can_recv_callback_register
    startup.o(i.init_setup) refers to bsp_can.o(i.can_receive_start) for can_receive_start
    startup.o(i.init_setup) refers to uart_device.o(i.dbus_uart_callback) for dbus_uart_callback
    startup.o(i.init_setup) refers to uart_device.o(.bss) for dbus_recv
    startup.o(i.init_setup) refers to can_device.o(i.can1_recv_callback) for can1_recv_callback
    startup.o(i.sys_start_task) refers to rt_memcpy_w.o(.text) for __aeabi_memcpy4
    startup.o(i.sys_start_task) refers to cmsis_os.o(i.osThreadCreate) for osThreadCreate
    startup.o(i.sys_start_task) refers to startup.o(.constdata) for .constdata
    startup.o(i.sys_start_task) refers to freertos.o(.data) for task3_t
    startup.o(.constdata) refers to startup.o(.conststring) for .conststring
    startup.o(.constdata) refers to study_task.o(i.study_task) for study_task
    study_task.o(i.Usart3_callback) refers to bsp_io.o(i.write_led_io) for write_led_io
    study_task.o(i.Usart3_callback) refers to study_task.o(.data) for spd
    study_task.o(i.Usart3_callback) refers to study_task.o(.bss) for usart3_recv
    study_task.o(i.study_task) refers to bsp_uart.o(i.uart_init) for uart_init
    study_task.o(i.study_task) refers to bsp_uart.o(i.uart_recv_callback_register) for uart_recv_callback_register
    study_task.o(i.study_task) refers to bsp_uart.o(i.uart_receive_start) for uart_receive_start
    study_task.o(i.study_task) refers to pid.o(i.pid_init) for pid_init
    study_task.o(i.study_task) refers to bsp_uart.o(i.write_uart) for write_uart
    study_task.o(i.study_task) refers to bsp_io.o(i.write_led_io) for write_led_io
    study_task.o(i.study_task) refers to pid.o(i.pid_calc) for pid_calc
    study_task.o(i.study_task) refers to can_device.o(i.send_chassis_moto_current) for send_chassis_moto_current
    study_task.o(i.study_task) refers to cmsis_os.o(i.osDelay) for osDelay
    study_task.o(i.study_task) refers to study_task.o(i.Usart3_callback) for Usart3_callback
    study_task.o(i.study_task) refers to study_task.o(.bss) for usart3_recv
    study_task.o(i.study_task) refers to pid.o(.bss) for pid_wheel_spd
    study_task.o(i.study_task) refers to uart_device.o(.bss) for rc
    study_task.o(i.study_task) refers to study_task.o(.data) for spd
    study_task.o(i.study_task) refers to can_device.o(.bss) for moto_chassis
[...]
    __rt_entry_presh_1                       0x0800024d   Thumb Code     0  __rtentry2.o(.ARM.Collect$$rtentry$$00000002)
    __rt_entry_sh                            0x0800024d   Thumb Code     0  __rtentry4.o(.ARM.Collect$$rtentry$$00000004)
    __rt_entry_li                            0x08000253   Thumb Code     0  __rtentry2.o(.ARM.Collect$$rtentry$$0000000A)
    __rt_entry_postsh_1                      0x08000253   Thumb Code     0  __rtentry2.o(.ARM.Collect$$rtentry$$00000009)
    __rt_entry_main                          0x08000257   Thumb Code     0  __rtentry2.o(.ARM.Collect$$rtentry$$0000000D)
    __rt_entry_postli_1                      0x08000257   Thumb Code     0  __rtentry2.o(.ARM.Collect$$rtentry$$0000000C)
    __rt_exit                                0x0800025f   Thumb Code     0  rtexit.o(.ARM.Collect$$rtexit$$00000000)
    __rt_exit_ls                             0x08000261   Thumb Code     0  rtexit2.o(.ARM.Collect$$rtexit$$00000003)
    __rt_exit_prels_1                        0x08000261   Thumb Code     0  rtexit2.o(.ARM.Collect$$rtexit$$00000002)
    __rt_exit_exit                           0x08000265   Thumb Code     0  rtexit2.o(.ARM.Collect$$rtexit$$00000004)
    SVC_Handler                              0x0800026d   Thumb Code    28  port.o(.emb_text)
    __asm___6_port_c_39a90d8d__prvStartFirstTask 0x0800028d   Thumb Code    28  port.o(.emb_text)
    __asm___6_port_c_39a90d8d__prvEnableVFP  0x080002ad   Thumb Code    16  port.o(.emb_text)
    PendSV_Handler                           0x080002c1   Thumb Code    92  port.o(.emb_text)
    vPortGetIPSR                             0x08000321   Thumb Code     6  port.o(.emb_text)
    __aeabi_memcpy4                          0x08000327   Thumb Code     0  rt_memcpy_w.o(.text)
    __aeabi_memcpy8                          0x08000327   Thumb Code     0  rt_memcpy_w.o(.text)
    __rt_memcpy_w                            0x08000327   Thumb Code   100  rt_memcpy_w.o(.text)
    _memcpy_lastbytes_aligned                0x0800036f   Thumb Code     0  rt_memcpy_w.o(.text)
    __aeabi_memset                           0x0800038b   Thumb Code    16  aeabi_memset.o(.text)
    __aeabi_memclr                           0x0800039b   Thumb Code     0  rt_memclr.o(.text)
    __rt_memclr                              0x0800039b   Thumb Code    68  rt_memclr.o(.text)
    _memset                                  0x0800039f   Thumb Code     0  rt_memclr.o(.text)
    __read_errno                             0x080003df   Thumb Code    10  _rserrno.o(.text)
    __set_errno                              0x080003e9   Thumb Code    12  _rserrno.o(.text)
    __aeabi_memclr4                          0x080003f5   Thumb Code     0  rt_memclr_w.o(.text)
    __aeabi_memclr8                          0x080003f5   Thumb Code     0  rt_memclr_w.o(.text)
    __rt_memclr_w                            0x080003f5   Thumb Code    78  rt_memclr_w.o(.text)
    _memset_w                                0x080003f9   Thumb Code     0  rt_memclr_w.o(.text)
    __aeabi_errno_addr                       0x08000445   Thumb Code     8  rt_errno_addr_intlibspace.o(.text)
    __errno$intlibspace                      0x08000445   Thumb Code     0  rt_errno_addr_intlibspace.o(.text)
    __rt_errno_addr$intlibspace              0x08000445   Thumb Code     0  rt_errno_addr_intlibspace.o(.text)
    __user_libspace                          0x0800044d   Thumb Code     8  libspace.o(.text)
    __user_perproc_libspace                  0x0800044d   Thumb Code     0  libspace.o(.text)
    __user_perthread_libspace                0x0800044d   Thumb Code     0  libspace.o(.text)
    __user_setup_stackheap                   0x08000455   Thumb Code    74  sys_stackheap_outer.o(.text)
    exit                                     0x0800049f   Thumb Code    18  exit.o(.text)
    Reset_Handler                            0x080004b1   Thumb Code     8  startup_stm32f427xx.o(.text)
    ADC_IRQHandler                           0x080004cb   Thumb Code     0  startup_stm32f427xx.o(.text)
    CAN1_RX1_IRQHandler                      0x080004cb   Thumb Code     0  startup_stm32f427xx.o(.text)
    CAN1_SCE_IRQHandler                      0x080004cb   Thumb Code     0  startup_stm32f427xx.o(.text)
    CAN2_RX1_IRQHandler                      0x080004cb   Thumb Code     0  startup_stm32f427xx.o(.text)
    CAN2_SCE_IRQHandler                      0x080004cb   Thumb Code     0  startup_stm32f427xx.o(.text)
    DCMI_IRQHandler                          0x080004cb   Thumb Code     0  startup_stm32f427xx.o(.text)
    DMA1_Stream0_IRQHandler                  0x080004cb   Thumb Code     0  startup_stm32f427xx.o(.text)
    DMA1_Stream2_IRQHandler                  0x080004cb   Thumb Code     0  startup_stm32f427xx.o(.text)
    DMA1_Stream4_IRQHandler                  0x080004cb   Thumb Code     0  startup_stm32f427xx.o(.text)
    DMA1_Stream5_IRQHandler                  0x080004cb   Thumb Code     0  startup_stm32f427xx.o(.text)
    DMA1_Stream7_IRQHandler                  0x080004cb   Thumb Code     0  startup_stm32f427xx.o(.text)
    DMA2D_IRQHandler                         0x080004cb   Thumb Code     0  startup_stm32f427xx.o(.text)
    DMA2_Stream0_IRQHandler                  0x080004cb   Thumb Code     0  startup_stm32f427xx.o(.text)
    DMA2_Stream3_IRQHandler                  0x080004cb   Thumb Code     0  startup_stm32f427xx.o(.text)
    DMA2_Stream4_IRQHandler                  0x080004cb   Thumb Code     0  startup_stm32f427xx.o(.text)
    DMA2_Stream5_IRQHandler                  0x080004cb   Thumb Code     0  startup_stm32f427xx.o(.text)
    DMA2_Stream6_IRQHandler                  0x080004cb   Thumb Code     0  startup_stm32f427xx.o(.text)
    DMA2_Stream7_IRQHandler                  0x080004cb   Thumb Code     0  startup_stm32f427xx.o(.text)
    ETH_IRQHandler                           0x080004cb   Thumb Code     0  startup_stm32f427xx.o(.text)
    ETH_WKUP_IRQHandler                      0x080004cb   Thumb Code     0  startup_stm32f427xx.o(.text)
    EXTI0_IRQHandler                         0x080004cb   Thumb Code     0  startup_stm32f427xx.o(.text)
    EXTI15_10_IRQHandler                     0x080004cb   Thumb Code     0  startup_stm32f427xx.o(.text)
    EXTI1_IRQHandler                         0x080004cb   Thumb Code     0  startup_stm32f427xx.o(.text)
    EXTI2_IRQHandler                         0x080004cb   Thumb Code     0  startup_stm32f427xx.o(.text)
    EXTI3_IRQHandler                         0x080004cb   Thumb Code     0  startup_stm32f427xx.o(.text)
    EXTI4_IRQHandler                         0x080004cb   Thumb Code     0  startup_stm32f427xx.o(.text)
    EXTI9_5_IRQHandler                       0x080004cb   Thumb Code     0  startup_stm32f427xx.o(.text)
    FLASH_IRQHandler                         0x080004cb   Thumb Code     0  startup_stm32f427xx.o(.text)
    FMC_IRQHandler                           0x080004cb   Thumb Code     0  startup_stm32f427xx.o(.text)
    FPU_IRQHandler                           0x080004cb   Thumb Code     0  startup_stm32f427xx.o(.text)
    HASH_RNG_IRQHandler                      0x080004cb   Thumb Code     0  startup_stm32f427xx.o(.text)
    I2C1_ER_IRQHandler                       0x080004cb   Thumb Code     0  startup_stm32f427xx.o(.text)
    I2C1_EV_IRQHandler                       0x080004cb   Thumb Code     0  startup_stm32f427xx.o(.text)
    I2C2_ER_IRQHandler                       0x080004cb   Thumb Code     0  startup_stm32f427xx.o(.text)
    I2C2_EV_IRQHandler                       0x080004cb   Thumb Code     0  startup_stm32f427xx.o(.text)
    I2C3_ER_IRQHandler                       0x080004cb   Thumb Code     0  startup_stm32f427xx.o(.text)
    I2C3_EV_IRQHandler                       0x080004cb   Thumb Code     0  startup_stm32f427xx.o(.text)
    OTG_FS_IRQHandler                        0x080004cb   Thumb Code     0  startup_stm32f427xx.o(.text)
    OTG_FS_WKUP_IRQHandler                   0x080004cb   Thumb Code     0  startup_stm32f427xx.o(.text)
    OTG_HS_EP1_IN_IRQHandler                 0x080004cb   Thumb Code     0  startup_stm32f427xx.o(.text)
    OTG_HS_EP1_OUT_IRQHandler                0x080004cb   Thumb Code     0  startup_stm32f427xx.o(.text)
    OTG_HS_IRQHandler                        0x080004cb   Thumb Code     0  startup_stm32f427xx.o(.text)
    OTG_HS_WKUP_IRQHandler                   0x080004cb   Thumb Code     0  startup_stm32f427xx.o(.text)
    PVD_IRQHandler                           0x080004cb   Thumb Code     0  startup_stm32f427xx.o(.text)
    RCC_IRQHandler                           0x080004cb   Thumb Code     0  startup_stm32f427xx.o(.text)
    RTC_Alarm_IRQHandler                     0x080004cb   Thumb Code     0  startup_stm32f427xx.o(.text)
    RTC_WKUP_IRQHandler                      0x080004cb   Thumb Code     0  startup_stm32f427xx.o(.text)
    SAI1_IRQHandler                          0x080004cb   Thumb Code     0  startup_stm32f427xx.o(.text)
    SDIO_IRQHandler                          0x080004cb   Thumb Code     0  startup_stm32f427xx.o(.text)
    SPI1_IRQHandler                          0x080004cb   Thumb Code     0  startup_stm32f427xx.o(.text)
    SPI2_IRQHandler                          0x080004cb   Thumb Code     0  startup_stm32f427xx.o(.text)
    SPI3_IRQHandler                          0x080004cb   Thumb Code     0  startup_stm32f427xx.o(.text)
    SPI4_IRQHandler                          0x080004cb   Thumb Code     0  startup_stm32f427xx.o(.text)
    SPI5_IRQHandler                          0x080004cb   Thumb Code     0  startup_stm32f427xx.o(.text)
    SPI6_IRQHandler                          0x080004cb   Thumb Code     0  startup_stm32f427xx.o(.text)
    TAMP_STAMP_IRQHandler                    0x080004cb   Thumb Code     0  startup_stm32f427xx.o(.text)
    TIM1_BRK_TIM9_IRQHandler                 0x080004cb   Thumb Code     0  startup_stm32f427xx.o(.text)
    TIM1_CC_IRQHandler                       0x080004cb   Thumb Code     0  startup_stm32f427xx.o(.text)
    TIM1_TRG_COM_TIM11_IRQHandler            0x080004cb   Thumb Code     0  startup_stm32f427xx.o(.text)
    TIM1_UP_TIM10_IRQHandler                 0x080004cb   Thumb Code     0  startup_stm32f427xx.o(.text)
    TIM2_IRQHandler                          0x080004cb   Thumb Code     0  startup_stm32f427xx.o(.text)
    TIM3_IRQHandler                          0x080004cb   Thumb Code     0  startup_stm32f427xx.o(.text)
    TIM4_IRQHandler                          0x080004cb   Thumb Code     0  startup_stm32f427xx.o(.text)
    TIM5_IRQHandler                          0x080004cb   Thumb Code     0  startup_stm32f427xx.o(.text)
    TIM7_IRQHandler                          0x080004cb   Thumb Code     0  startup_stm32f427xx.o(.text)
    TIM8_BRK_TIM12_IRQHandler                0x080004cb   Thumb Code     0  startup_stm32f427xx.o(.text)
    TIM8_CC_IRQHandler                       0x080004cb   Thumb Code     0  startup_stm32f427xx.o(.text)
    TIM8_TRG_COM_TIM14_IRQHandler            0x080004cb   Thumb Code     0  startup_stm32f427xx.o(.text)
    TIM8_UP_TIM13_IRQHandler                 0x080004cb   Thumb Code     0  startup_stm32f427xx.o(.text)
    UART4_IRQHandler                         0x080004cb   Thumb Code     0  startup_stm32f427xx.o(.text)
    UART5_IRQHandler                         0x080004cb   Thumb Code     0  startup_stm32f427xx.o(.text)
    USART2_IRQHandler                        0x080004cb   Thumb Code     0  startup_stm32f427xx.o(.text)
    WWDG_IRQHandler                          0x080004cb   Thumb Code     0  startup_stm32f427xx.o(.text)
    __user_initial_stackheap                 0x080004cd   Thumb Code     0  startup_stm32f427xx.o(.text)
    __use_two_region_memory                  0x080004f1   Thumb Code     2  heapauxi.o(.text)
    __rt_heap_escrow$2region                 0x080004f3   Thumb Code     2  heapauxi.o(.text)
    __rt_heap_expand$2region                 0x080004f5   Thumb Code     2  heapauxi.o(.text)
    _sys_exit                                0x080004f9   Thumb Code     8  sys_exit.o(.text)
    __I$use$semihosting                      0x08000505   Thumb Code     0  use_no_semi.o(.text)
    __use_no_semihosting_swi                 0x08000505   Thumb Code     2  use_no_semi.o(.text)
    __semihosting_library_function           0x08000507   Thumb Code     0  indicate_semi.o(.text)
    BusFault_Handler                         0x08000675   Thumb Code     4  stm32f4xx_it.o(i.BusFault_Handler)
    CAN1_RX0_IRQHandler                      0x08000679   Thumb Code    10  stm32f4xx_it.o(i.CAN1_RX0_IRQHandler)
    CAN1_TX_IRQHandler                       0x08000689   Thumb Code    10  stm32f4xx_it.o(i.CAN1_TX_IRQHandler)
    CAN2_RX0_IRQHandler                      0x08000699   Thumb Code    10  stm32f4xx_it.o(i.CAN2_RX0_IRQHandler)
    CAN2_TX_IRQHandler                       0x080006a9   Thumb Code    10  stm32f4xx_it.o(i.CAN2_TX_IRQHandler)
    DMA1_Stream1_IRQHandler                  0x080008dd   Thumb Code    10  stm32f4xx_it.o(i.DMA1_Stream1_IRQHandler)
    DMA1_Stream3_IRQHandler                  0x080008ed   Thumb Code    10  stm32f4xx_it.o(i.DMA1_Stream3_IRQHandler)
    DMA1_Stream6_IRQHandler                  0x080008fd   Thumb Code    10  stm32f4xx_it.o(i.DMA1_Stream6_IRQHandler)
    DMA2_Stream1_IRQHandler                  0x0800090d   Thumb Code    10  stm32f4xx_it.o(i.DMA2_Stream1_IRQHandler)
    DMA2_Stream2_IRQHandler                  0x0800091d   Thumb Code    10  stm32f4xx_it.o(i.DMA2_Stream2_IRQHandler)
    DebugMon_Handler                         0x08000a37   Thumb Code     2  stm32f4xx_it.o(i.DebugMon_Handler)
    HAL_ADC_ConfigChannel                    0x08000a39   Thumb Code   384  stm32f4xx_hal_adc.o(i.HAL_ADC_ConfigChannel)
    HAL_ADC_Init                             0x08000bcd   Thumb Code   100  stm32f4xx_hal_adc.o(i.HAL_ADC_Init)
    HAL_ADC_MspInit                          0x08000c35   Thumb Code    70  adc.o(i.HAL_ADC_MspInit)
    HAL_CAN_ConfigFilter                     0x08000c89   Thumb Code   260  stm32f4xx_hal_can.o(i.HAL_CAN_ConfigFilter)
    HAL_CAN_ErrorCallback                    0x08000d91   Thumb Code     2  stm32f4xx_hal_can.o(i.HAL_CAN_ErrorCallback)
    HAL_CAN_IRQHandler                       0x08000d95   Thumb Code   580  stm32f4xx_hal_can.o(i.HAL_CAN_IRQHandler)
    HAL_CAN_Init                             0x08000fe9   Thumb Code   444  stm32f4xx_hal_can.o(i.HAL_CAN_Init)
    HAL_CAN_MspInit                          0x080011a5   Thumb Code   282  can.o(i.HAL_CAN_MspInit)
    HAL_CAN_Receive_IT                       0x080012d9   Thumb Code   268  stm32f4xx_hal_can.o(i.HAL_CAN_Receive_IT)
    HAL_CAN_RxCpltCallback                   0x080013e5   Thumb Code    92  bsp_can.o(i.HAL_CAN_RxCpltCallback)
    HAL_CAN_Transmit                         0x0800144d   Thumb Code   684  stm32f4xx_hal_can.o(i.HAL_CAN_Transmit)
    HAL_CAN_TxCpltCallback                   0x08001705   Thumb Code     2  stm32f4xx_hal_can.o(i.HAL_CAN_TxCpltCallback)
    HAL_DMA_Abort_IT                         0x08001707   Thumb Code    40  stm32f4xx_hal_dma.o(i.HAL_DMA_Abort_IT)
    HAL_DMA_IRQHandler                       0x08001731   Thumb Code   574  stm32f4xx_hal_dma.o(i.HAL_DMA_IRQHandler)
    HAL_DMA_Init                             0x08001979   Thumb Code   232  stm32f4xx_hal_dma.o(i.HAL_DMA_Init)
    HAL_DMA_Start                            0x08001a65   Thumb Code   102  stm32f4xx_hal_dma.o(i.HAL_DMA_Start)
    HAL_Delay                                0x08001acb   Thumb Code    30  stm32f4xx_hal.o(i.HAL_Delay)
    HAL_GPIO_Init                            0x08001ae9   Thumb Code   486  stm32f4xx_hal_gpio.o(i.HAL_GPIO_Init)
    HAL_GPIO_WritePin                        0x08001d05   Thumb Code    12  stm32f4xx_hal_gpio.o(i.HAL_GPIO_WritePin)
    HAL_GetTick                              0x08001d11   Thumb Code     6  stm32f4xx_hal.o(i.HAL_GetTick)
    HAL_IncTick                              0x08001d1d   Thumb Code    12  stm32f4xx_hal.o(i.HAL_IncTick)
    HAL_Init                                 0x08001d2d   Thumb Code    54  stm32f4xx_hal.o(i.HAL_Init)
    HAL_InitTick                             0x08001d69   Thumb Code   122  stm32f4xx_hal_timebase_tim.o(i.HAL_InitTick)
    HAL_MspInit                              0x08001df5   Thumb Code     2  stm32f4xx_hal.o(i.HAL_MspInit)
    HAL_NVIC_EnableIRQ                       0x08001df7   Thumb Code    26  stm32f4xx_hal_cortex.o(i.HAL_NVIC_EnableIRQ)
    HAL_NVIC_SetPriority                     0x08001e11   Thumb Code   124  stm32f4xx_hal_cortex.o(i.HAL_NVIC_SetPriority)
    HAL_NVIC_SetPriorityGrouping             0x08001e8d   Thumb Code    32  stm32f4xx_hal_cortex.o(i.HAL_NVIC_SetPriorityGrouping)
    HAL_PWREx_EnableOverDrive                0x08001eb5   Thumb Code   152  stm32f4xx_hal_pwr_ex.o(i.HAL_PWREx_EnableOverDrive)
    HAL_RCCEx_PeriphCLKConfig                0x08001f59   Thumb Code   856  stm32f4xx_hal_rcc_ex.o(i.HAL_RCCEx_PeriphCLKConfig)
    HAL_RCC_ClockConfig                      0x080022c9   Thumb Code   446  stm32f4xx_hal_rcc.o(i.HAL_RCC_ClockConfig)
    HAL_RCC_GetClockConfig                   0x08002499   Thumb Code    58  stm32f4xx_hal_rcc.o(i.HAL_RCC_GetClockConfig)
    HAL_RCC_GetHCLKFreq                      0x080024dd   Thumb Code     6  stm32f4xx_hal_rcc.o(i.HAL_RCC_GetHCLKFreq)
    HAL_RCC_GetPCLK1Freq                     0x080024e9   Thumb Code    36  stm32f4xx_hal_rcc.o(i.HAL_RCC_GetPCLK1Freq)
    HAL_RCC_GetPCLK2Freq                     0x08002515   Thumb Code    36  stm32f4xx_hal_rcc.o(i.HAL_RCC_GetPCLK2Freq)
    HAL_RCC_GetSysClockFreq                  0x08002541   Thumb Code   168  stm32f4xx_hal_rcc.o(i.HAL_RCC_GetSysClockFreq)
    HAL_RCC_OscConfig                        0x080025f5   Thumb Code  1090  stm32f4xx_hal_rcc.o(i.HAL_RCC_OscConfig)
    HAL_RTCEx_BKUPRead                       0x08002a41   Thumb Code    18  stm32f4xx_hal_rtc_ex.o(i.HAL_RTCEx_BKUPRead)
    HAL_RTCEx_BKUPWrite                      0x08002a53   Thumb Code    18  stm32f4xx_hal_rtc_ex.o(i.HAL_RTCEx_BKUPWrite)
    HAL_RTCEx_SetWakeUpTimer                 0x08002a65   Thumb Code   254  stm32f4xx_hal_rtc_ex.o(i.HAL_RTCEx_SetWakeUpTimer)
    HAL_RTC_Init                             0x08002b65   Thumb Code   176  stm32f4xx_hal_rtc.o(i.HAL_RTC_Init)
    HAL_RTC_MspInit                          0x08002c19   Thumb Code    16  rtc.o(i.HAL_RTC_MspInit)
    HAL_RTC_SetDate                          0x08002c31   Thumb Code   270  stm32f4xx_hal_rtc.o(i.HAL_RTC_SetDate)
    HAL_RTC_SetTime                          0x08002d45   Thumb Code   304  stm32f4xx_hal_rtc.o(i.HAL_RTC_SetTime)
    HAL_RTC_WaitForSynchro                   0x08002e79   Thumb Code    58  stm32f4xx_hal_rtc.o(i.HAL_RTC_WaitForSynchro)
    HAL_SPI_Init                             0x08002eb3   Thumb Code   140  stm32f4xx_hal_spi.o(i.HAL_SPI_Init)
    HAL_SPI_MspInit                          0x08002f41   Thumb Code    80  spi.o(i.HAL_SPI_MspInit)
    HAL_SPI_TransmitReceive                  0x08002f9d   Thumb Code   542  stm32f4xx_hal_spi.o(i.HAL_SPI_TransmitReceive)
    HAL_SYSTICK_CLKSourceConfig              0x080031bb   Thumb Code    40  stm32f4xx_hal_cortex.o(i.HAL_SYSTICK_CLKSourceConfig)
    HAL_SYSTICK_Config                       0x080031e3   Thumb Code    52  stm32f4xx_hal_cortex.o(i.HAL_SYSTICK_Config)
    HAL_TIMEx_BreakCallback                  0x08003217   Thumb Code     2  stm32f4xx_hal_tim_ex.o(i.HAL_TIMEx_BreakCallback)
    HAL_TIMEx_CommutationCallback            0x08003219   Thumb Code     2  stm32f4xx_hal_tim_ex.o(i.HAL_TIMEx_CommutationCallback)
    HAL_TIMEx_ConfigBreakDeadTime            0x0800321b   Thumb Code   126  stm32f4xx_hal_tim_ex.o(i.HAL_TIMEx_ConfigBreakDeadTime)
    HAL_TIMEx_MasterConfigSynchronization    0x08003299   Thumb Code    98  stm32f4xx_hal_tim_ex.o(i.HAL_TIMEx_MasterConfigSynchronization)
    HAL_TIM_Base_Init                        0x080032fb   Thumb Code    52  stm32f4xx_hal_tim.o(i.HAL_TIM_Base_Init)
    HAL_TIM_Base_MspInit                     0x0800332f   Thumb Code     2  stm32f4xx_hal_tim.o(i.HAL_TIM_Base_MspInit)
    HAL_TIM_Base_Start_IT                    0x08003331   Thumb Code    30  stm32f4xx_hal_tim.o(i.HAL_TIM_Base_Start_IT)
    HAL_TIM_IC_CaptureCallback               0x0800334f   Thumb Code     2  stm32f4xx_hal_tim.o(i.HAL_TIM_IC_CaptureCallback)
    HAL_TIM_IRQHandler                       0x08003351   Thumb Code   406  stm32f4xx_hal_tim.o(i.HAL_TIM_IRQHandler)
    HAL_TIM_MspPostInit                      0x080034e9   Thumb Code   254  tim.o(i.HAL_TIM_MspPostInit)
    HAL_TIM_OC_DelayElapsedCallback          0x08003611   Thumb Code     2  stm32f4xx_hal_tim.o(i.HAL_TIM_OC_DelayElapsedCallback)
    HAL_TIM_PWM_ConfigChannel                0x08003613   Thumb Code   264  stm32f4xx_hal_tim.o(i.HAL_TIM_PWM_ConfigChannel)
    HAL_TIM_PWM_Init                         0x0800371b   Thumb Code    52  stm32f4xx_hal_tim.o(i.HAL_TIM_PWM_Init)
    HAL_TIM_PWM_MspInit                      0x08003751   Thumb Code   248  tim.o(i.HAL_TIM_PWM_MspInit)
    HAL_TIM_PWM_PulseFinishedCallback        0x08003861   Thumb Code     2  stm32f4xx_hal_tim.o(i.HAL_TIM_PWM_PulseFinishedCallback)
    HAL_TIM_PWM_Start                        0x08003865   Thumb Code    68  stm32f4xx_hal_tim.o(i.HAL_TIM_PWM_Start)
    HAL_TIM_PeriodElapsedCallback            0x080038b1   Thumb Code    18  main.o(i.HAL_TIM_PeriodElapsedCallback)
    HAL_TIM_TriggerCallback                  0x080038c9   Thumb Code     2  stm32f4xx_hal_tim.o(i.HAL_TIM_TriggerCallback)
    HAL_UART_ErrorCallback                   0x080038cb   Thumb Code     2  stm32f4xx_hal_uart.o(i.HAL_UART_ErrorCallback)
    HAL_UART_IRQHandler                      0x080038cd   Thumb Code   326  stm32f4xx_hal_uart.o(i.HAL_UART_IRQHandler)
    HAL_UART_Init                            0x08003a19   Thumb Code   114  stm32f4xx_hal_uart.o(i.HAL_UART_Init)
    HAL_UART_MspInit                         0x08003a8d   Thumb Code   770  usart.o(i.HAL_UART_MspInit)
    HAL_UART_RxCpltCallback                  0x08003de5   Thumb Code     2  stm32f4xx_hal_uart.o(i.HAL_UART_RxCpltCallback)
    HAL_UART_Transmit                        0x08003de7   Thumb Code   214  stm32f4xx_hal_uart.o(i.HAL_UART_Transmit)
    HAL_UART_TxCpltCallback                  0x08003ebd   Thumb Code     2  stm32f4xx_hal_uart.o(i.HAL_UART_TxCpltCallback)
    HardFault_Handler                        0x08003ebf   Thumb Code     6  stm32f4xx_it.o(i.HardFault_Handler)
    MX_ADC1_Init                             0x08003ec5   Thumb Code    94  adc.o(i.MX_ADC1_Init)
    MX_CAN1_Init                             0x08003f41   Thumb Code    64  can.o(i.MX_CAN1_Init)
    MX_CAN2_Init                             0x08003f99   Thumb Code    68  can.o(i.MX_CAN2_Init)
    MX_DMA_Init                              0x08003ff5   Thumb Code   146  dma.o(i.MX_DMA_Init)
    MX_FREERTOS_Init                         0x0800408d   Thumb Code    58  freertos.o(i.MX_FREERTOS_Init)
    MX_GPIO_Init                             0x080040d5   Thumb Code   648  gpio.o(i.MX_GPIO_Init)
    MX_RTC_Init                              0x08004389   Thumb Code   184  rtc.o(i.MX_RTC_Init)
    MX_SPI5_Init                             0x08004459   Thumb Code    62  spi.o(i.MX_SPI5_Init)
    MX_TIM12_Init                            0x080044b1   Thumb Code    84  tim.o(i.MX_TIM12_Init)
    MX_TIM2_Init                             0x0800451d   Thumb Code   176  tim.o(i.MX_TIM2_Init)
    MX_TIM3_Init                             0x080045e1   Thumb Code   134  tim.o(i.MX_TIM3_Init)
    MX_TIM4_Init                             0x08004681   Thumb Code   174  tim.o(i.MX_TIM4_Init)
    MX_TIM5_Init                             0x08004749   Thumb Code   174  tim.o(i.MX_TIM5_Init)
    MX_TIM8_Init                             0x08004811   Thumb Code   236  tim.o(i.MX_TIM8_Init)
    MX_UART7_Init                            0x08004915   Thumb Code    50  usart.o(i.MX_UART7_Init)
    MX_UART8_Init                            0x08004961   Thumb Code    50  usart.o(i.MX_UART8_Init)
    MX_USART1_UART_Init                      0x080049ad   Thumb Code    52  usart.o(i.MX_USART1_UART_Init)
    MX_USART3_UART_Init                      0x080049fd   Thumb Code    50  usart.o(i.MX_USART3_UART_Init)
    MX_USART6_UART_Init                      0x08004a49   Thumb Code    50  usart.o(i.MX_USART6_UART_Init)
    MemManage_Handler                        0x08004a95   Thumb Code     4  stm32f4xx_it.o(i.MemManage_Handler)
    NMI_Handler                              0x08004a99   Thumb Code     2  stm32f4xx_it.o(i.NMI_Handler)
    RTC_Bcd2ToByte                           0x08004ad5   Thumb Code    22  stm32f4xx_hal_rtc.o(i.RTC_Bcd2ToByte)
    RTC_ByteToBcd2                           0x08004aeb   Thumb Code    26  stm32f4xx_hal_rtc.o(i.RTC_ByteToBcd2)
    RTC_EnterInitMode                        0x08004b05   Thumb Code    62  stm32f4xx_hal_rtc.o(i.RTC_EnterInitMode)
    StartDefaultTask                         0x08004c15   Thumb Code    10  freertos.o(i.StartDefaultTask)
    SysTick_Handler                          0x08004c1f   Thumb Code     8  stm32f4xx_it.o(i.SysTick_Handler)
    SystemClock_Config                       0x08004c29   Thumb Code   240  main.o(i.SystemClock_Config)
    SystemInit                               0x08004d31   Thumb Code    82  system_stm32f4xx.o(i.SystemInit)
    TIM6_DAC_IRQHandler                      0x08004d95   Thumb Code    10  stm32f4xx_it.o(i.TIM6_DAC_IRQHandler)
    TIM_Base_SetConfig                       0x08004da5   Thumb Code   184  stm32f4xx_hal_tim.o(i.TIM_Base_SetConfig)
    TIM_CCxChannelCmd                        0x08004e89   Thumb Code    28  stm32f4xx_hal_tim.o(i.TIM_CCxChannelCmd)
    TIM_OC2_SetConfig                        0x08004f15   Thumb Code   112  stm32f4xx_hal_tim.o(i.TIM_OC2_SetConfig)
    UART7_IRQHandler                         0x08005065   Thumb Code    16  stm32f4xx_it.o(i.UART7_IRQHandler)
    UART8_IRQHandler                         0x08005079   Thumb Code    16  stm32f4xx_it.o(i.UART8_IRQHandler)
    USART1_IRQHandler                        0x080055b9   Thumb Code    16  stm32f4xx_it.o(i.USART1_IRQHandler)
    USART3_IRQHandler                        0x080055cd   Thumb Code    16  stm32f4xx_it.o(i.USART3_IRQHandler)
    USART6_IRQHandler                        0x080055e1   Thumb Code    16  stm32f4xx_it.o(i.USART6_IRQHandler)
    UsageFault_Handler                       0x080055f5   Thumb Code     4  stm32f4xx_it.o(i.UsageFault_Handler)
    Usart3_callback                          0x080055f9   Thumb Code   234  study_task.o(i.Usart3_callback)
    _Error_Handler                           0x080056f1   Thumb Code     4  main.o(i._Error_Handler)
    __ARM_fpclassify                         0x080056f5   Thumb Code    48  fpclassify.o(i.__ARM_fpclassify)
    __hardfp_asin                            0x08005729   Thumb Code   770  asin.o(i.__hardfp_asin)
    __hardfp_atan                            0x08005a89   Thumb Code   622  atan.o(i.__hardfp_atan)
    __hardfp_atan2                           0x08005d61   Thumb Code   432  atan2.o(i.__hardfp_atan2)
    __hardfp_sqrt                            0x08005f51   Thumb Code   122  sqrt.o(i.__hardfp_sqrt)
    __kernel_poly                            0x08005fcb   Thumb Code   248  poly.o(i.__kernel_poly)
    __mathlib_dbl_infnan                     0x080060c3   Thumb Code    20  dunder.o(i.__mathlib_dbl_infnan)
    __mathlib_dbl_infnan2                    0x080060d7   Thumb Code    20  dunder.o(i.__mathlib_dbl_infnan2)
    __mathlib_dbl_invalid                    0x080060f1   Thumb Code    24  dunder.o(i.__mathlib_dbl_invalid)
    __mathlib_dbl_underflow                  0x08006111   Thumb Code    24  dunder.o(i.__mathlib_dbl_underflow)
    atan                                     0x0800615f   Thumb Code    16  atan.o(i.atan)
    can1_recv_callback                       0x08006171   Thumb Code   208  can_device.o(i.can1_recv_callback)
    can_device_init                          0x08006249   Thumb Code    78  bsp_can.o(i.can_device_init)
    can_receive_start                        0x080062b1   Thumb Code    20  bsp_can.o(i.can_receive_start)
    can_recv_callback_register               0x080062cd   Thumb Code    20  bsp_can.o(i.can_recv_callback_register)
    dbus_uart_callback                       0x080062e5   Thumb Code    12  uart_device.o(i.dbus_uart_callback)
    digital_tube_init                        0x080062f9   Thumb Code    38  bsp_io.o(i.digital_tube_init)
    fabs                                     0x080064ad   Thumb Code    24  fabs.o(i.fabs)
    imu_AHRS_update                          0x080064d5   Thumb Code  1938  bsp_imu.o(i.imu_AHRS_update)
    imu_attitude_update                      0x08006cb5   Thumb Code   770  bsp_imu.o(i.imu_attitude_update)
    imu_task                                 0x08006ff9   Thumb Code    44  bsp_imu.o(i.imu_task)
    init_setup                               0x0800702d   Thumb Code   130  startup.o(i.init_setup)
    invSqrt                                  0x080070c1   Thumb Code    56  bsp_imu.o(i.invSqrt)
    ist8310_init                             0x080070fd   Thumb Code   256  bsp_imu.o(i.ist8310_init)
    main                                     0x08007279   Thumb Code   162  main.o(i.main)
    mpu_device_init                          0x08007339   Thumb Code    94  bsp_imu.o(i.mpu_device_init)
    osDelay                                  0x08007855   Thumb Code    24  cmsis_os.o(i.osDelay)
    osKernelStart                            0x0800786d   Thumb Code    10  cmsis_os.o(i.osKernelStart)
    osSystickHandler                         0x08007877   Thumb Code    16  cmsis_os.o(i.osSystickHandler)
    osThreadCreate                           0x08007887   Thumb Code    48  cmsis_os.o(i.osThreadCreate)
    pid_calc                                 0x080078b7   Thumb Code   174  pid.o(i.pid_calc)
    pid_init                                 0x08007965   Thumb Code    18  pid.o(i.pid_init)
    pvPortMalloc                             0x08007dd9   Thumb Code   296  heap_4.o(i.pvPortMalloc)
    pxPortInitialiseStack                    0x08007f15   Thumb Code    38  port.o(i.pxPortInitialiseStack)
    refresh_digital_tube                     0x08007f41   Thumb Code   316  bsp_io.o(i.refresh_digital_tube)
    send_chassis_moto_current                0x080081fd   Thumb Code    60  can_device.o(i.send_chassis_moto_current)
    set_digital_io_dir                       0x0800823d   Thumb Code   370  bsp_io.o(i.set_digital_io_dir)
    sqrt                                     0x080083c1   Thumb Code   110  sqrt.o(i.sqrt)
    study_task                               0x08008431   Thumb Code   818  study_task.o(i.study_task)
    sys_start_task                           0x080087a9   Thumb Code    30  startup.o(i.sys_start_task)
    uart_init                                0x080087d1   Thumb Code   236  bsp_uart.o(i.uart_init)
    uart_receive_start                       0x08008941   Thumb Code    98  bsp_uart.o(i.uart_receive_start)
    uart_recv_callback_register              0x080089b9   Thumb Code    50  bsp_uart.o(i.uart_recv_callback_register)
    uart_recv_interrupt_callback             0x080089f1   Thumb Code  1084  bsp_uart.o(i.uart_recv_interrupt_callback)
    uxListRemove                             0x08008e2d   Thumb Code    40  list.o(i.uxListRemove)
    vApplicationStackOverflowHook            0x08008e55   Thumb Code     4  freertos.o(i.vApplicationStackOverflowHook)
    vListInitialise                          0x08008e59   Thumb Code    26  list.o(i.vListInitialise)
    vListInitialiseItem                      0x08008e73   Thumb Code     6  list.o(i.vListInitialiseItem)
    vListInsert                              0x08008e79   Thumb Code    52  list.o(i.vListInsert)
    vListInsertEnd                           0x08008ead   Thumb Code    24  list.o(i.vListInsertEnd)
    vPortEnterCritical                       0x08008ec5   Thumb Code    76  port.o(i.vPortEnterCritical)
    vPortExitCritical                        0x08008f19   Thumb Code    56  port.o(i.vPortExitCritical)
    vPortFree                                0x08008f55   Thumb Code   140  heap_4.o(i.vPortFree)
    vPortSetupTimerInterrupt                 0x08008fe9   Thumb Code    26  port.o(i.vPortSetupTimerInterrupt)
    vTaskDelay                               0x08009009   Thumb Code    82  tasks.o(i.vTaskDelay)
    vTaskStartScheduler                      0x08009065   Thumb Code   108  tasks.o(i.vTaskStartScheduler)
    vTaskSuspendAll                          0x080090ed   Thumb Code    12  tasks.o(i.vTaskSuspendAll)
    vTaskSwitchContext                       0x080090fd   Thumb Code   148  tasks.o(i.vTaskSwitchContext)
    write_can                                0x080091a5   Thumb Code   220  bsp_can.o(i.write_can)
    write_digital_io                         0x08009289   Thumb Code   158  bsp_io.o(i.write_digital_io)
    write_led_io                             0x08009339   Thumb Code   206  bsp_io.o(i.write_led_io)
    write_uart                               0x08009415   Thumb Code    70  bsp_uart.o(i.write_uart)
    xPortStartScheduler                      0x08009471   Thumb Code   288  port.o(i.xPortStartScheduler)
    xPortSysTickHandler                      0x080095ad   Thumb Code    46  port.o(i.xPortSysTickHandler)
    xTaskCreate                              0x080095e1   Thumb Code    96  tasks.o(i.xTaskCreate)
    xTaskGetSchedulerState                   0x08009641   Thumb Code    24  tasks.o(i.xTaskGetSchedulerState)
    xTaskIncrementTick                       0x08009661   Thumb Code   282  tasks.o(i.xTaskIncrementTick)
    xTaskResumeAll                           0x080097a9   Thumb Code   224  tasks.o(i.xTaskResumeAll)
    __aeabi_dneg                             0x080098ad   Thumb Code     0  basic.o(x$fpl$basic)
    _dneg                                    0x080098ad   Thumb Code     6  basic.o(x$fpl$basic)
    __aeabi_fneg                             0x080098b3   Thumb Code     0  basic.o(x$fpl$basic)
    _fneg                                    0x080098b3   Thumb Code     6  basic.o(x$fpl$basic)
    _dabs                                    0x080098b9   Thumb Code     6  basic.o(x$fpl$basic)
    _fabs                                    0x080098bf   Thumb Code     6  basic.o(x$fpl$basic)
    __aeabi_d2f                              0x080098c5   Thumb Code     0  d2f.o(x$fpl$d2f)
    _d2f                                     0x080098c5   Thumb Code    98  d2f.o(x$fpl$d2f)
    __aeabi_dadd                             0x08009929   Thumb Code     0  daddsub_clz.o(x$fpl$dadd)
    _dadd                                    0x08009929   Thumb Code   332  daddsub_clz.o(x$fpl$dadd)
    __aeabi_ddiv                             0x08009a79   Thumb Code     0  ddiv.o(x$fpl$ddiv)
    _ddiv                                    0x08009a79   Thumb Code   552  ddiv.o(x$fpl$ddiv)
    __aeabi_dmul                             0x08009d29   Thumb Code     0  dmul.o(x$fpl$dmul)
    _dmul                                    0x08009d29   Thumb Code   332  dmul.o(x$fpl$dmul)
    __fpl_dnaninf                            0x08009e7d   Thumb Code   156  dnaninf.o(x$fpl$dnaninf)
    __fpl_dretinf                            0x08009f19   Thumb Code    12  dretinf.o(x$fpl$dretinf)
    __aeabi_drsub                            0x08009f25   Thumb Code     0  daddsub_clz.o(x$fpl$drsb)
    _drsb                                    0x08009f25   Thumb Code    22  daddsub_clz.o(x$fpl$drsb)
    _dsqrt                                   0x08009f3d   Thumb Code   404  dsqrt_umaal.o(x$fpl$dsqrt)
    __aeabi_dsub                             0x0800a0d5   Thumb Code     0  daddsub_clz.o(x$fpl$dsub)
    _dsub                                    0x0800a0d5   Thumb Code   464  daddsub_clz.o(x$fpl$dsub)
    __aeabi_f2d                              0x0800a2a9   Thumb Code     0  f2d.o(x$fpl$f2d)
    _f2d                                     0x0800a2a9   Thumb Code    86  f2d.o(x$fpl$f2d)
    __fpl_fnaninf                            0x0800a2ff   Thumb Code   140  fnaninf.o(x$fpl$fnaninf)
    _fp_init                                 0x0800a38b   Thumb Code    10  fpinit.o(x$fpl$fpinit)
    __fplib_config_fpu_vfp                   0x0800a393   Thumb Code     0  fpinit.o(x$fpl$fpinit)
    __fplib_config_pureend_doubles           0x0800a393   Thumb Code     0  fpinit.o(x$fpl$fpinit)
    __fpl_fretinf                            0x0800a395   Thumb Code    10  fretinf.o(x$fpl$fretinf)
    __I$use$fp                               0x0800a39e   Number         0  usenofp.o(x$fpl$usenofp)
    AHBPrescTable                            0x0800a3e4   Data          16  system_stm32f4xx.o(.constdata)
    APBPrescTable                            0x0800a3f4   Data           8  system_stm32f4xx.o(.constdata)
    __mathlib_zero                           0x0800a4f8   Data           8  qnan.o(.constdata)
    Region$$Table$$Base                      0x0800a51c   Number         0  anon$$obj.o(Region$$Table)
    Region$$Table$$Limit                     0x0800a53c   Number         0  anon$$obj.o(Region$$Table)
    trigger_moto_current                     0x20000000   Data           2  can_device.o(.data)
    speed_x                                  0x2000002a   Data           2  study_task.o(.data)
    speed_y                                  0x2000002c   Data           2  study_task.o(.data)
    speed_turn                               0x2000002e   Data           2  study_task.o(.data)
    current                                  0x20000030   Data           8  study_task.o(.data)
    spd                                      0x20000038   Data           6  study_task.o(.data)
    receiveLedFlag                           0x2000003e   Data           2  study_task.o(.data)
    transmitLedFlag                          0x20000040   Data           2  study_task.o(.data)
    transmitCount                            0x20000042   Data           2  study_task.o(.data)
    uwTick                                   0x20000044   Data           4  stm32f4xx_hal.o(.data)
    defaultTaskHandle                        0x2000004c   Data           4  freertos.o(.data)
    task1_t                                  0x20000050   Data           4  freertos.o(.data)
    task2_t                                  0x20000054   Data           4  freertos.o(.data)
    task3_t                                  0x20000058   Data           4  freertos.o(.data)
    task4_t                                  0x2000005c   Data           4  freertos.o(.data)
    task5_t                                  0x20000060   Data           4  freertos.o(.data)
    task_imu_t                               0x20000064   Data           4  freertos.o(.data)
    SystemCoreClock                          0x20000070   Data           4  system_stm32f4xx.o(.data)
    pxCurrentTCB                             0x2000008c   Data           4  tasks.o(.data)
    mpu_id                                   0x200000d6   Data           1  bsp_imu.o(.data)
    halfT                                    0x20000120   Data           4  bsp_imu.o(.data)
    Kp                                       0x20000124   Data           4  bsp_imu.o(.data)
    Ki                                       0x20000128   Data           4  bsp_imu.o(.data)
    this_x                                   0x2000012c   Data           4  bsp_imu.o(.data)
    this_y                                   0x20000130   Data           4  bsp_imu.o(.data)
    this_z                                   0x20000134   Data           4  bsp_imu.o(.data)
    last_x                                   0x20000138   Data           4  bsp_imu.o(.data)
    last_y                                   0x2000013c   Data           4  bsp_imu.o(.data)
    last_z                                   0x20000140   Data           4  bsp_imu.o(.data)
    x_cnt                                    0x20000144   Data           2  bsp_imu.o(.data)
    y_cnt                                    0x20000146   Data           2  bsp_imu.o(.data)
    z_cnt                                    0x20000148   Data           2  bsp_imu.o(.data)
    this_y_int                               0x2000014c   Data           4  bsp_imu.o(.data)
    imu_time_last                            0x20000150   Data           4  bsp_imu.o(.data)
    imu_time_ms                              0x20000154   Data           4  bsp_imu.o(.data)
    rc                                       0x20000158   Data          20  uart_device.o(.bss)
    dbus_recv                                0x2000016c   Data          18  uart_device.o(.bss)
    moto_pit                                 0x20000180   Data          60  can_device.o(.bss)
    moto_chassis                             0x200001bc   Data         240  can_device.o(.bss)
    pid_pit                                  0x200002ac   Data          52  pid.o(.bss)
    pid_yaw                                  0x200002e0   Data          52  pid.o(.bss)
    pid_yaw_speed                            0x20000314   Data          52  pid.o(.bss)
    pid_pit_speed                            0x20000348   Data          52  pid.o(.bss)
    pid_wheel_spd                            0x2000037c   Data         208  pid.o(.bss)
    pid_chassis_angle                        0x2000044c   Data          52  pid.o(.bss)
    pid_trigger                              0x20000480   Data          52  pid.o(.bss)
    pid_trigger_speed                        0x200004b4   Data          52  pid.o(.bss)
    pid_test_moto                            0x200004e8   Data          52  pid.o(.bss)
    speed                                    0x2000051c   Data          16  study_task.o(.bss)
    usart3_recv                              0x2000052c   Data          15  study_task.o(.bss)
    hcan1                                    0x2000053c   Data          68  can.o(.bss)
    hcan2                                    0x20000580   Data          68  can.o(.bss)
    huart7                                   0x200005c4   Data          64  usart.o(.bss)
    huart8                                   0x20000604   Data          64  usart.o(.bss)
    huart1                                   0x20000644   Data          64  usart.o(.bss)
    huart3                                   0x20000684   Data          64  usart.o(.bss)
    huart6                                   0x200006c4   Data          64  usart.o(.bss)
    hdma_uart7_rx                            0x20000704   Data          96  usart.o(.bss)
    hdma_uart8_rx                            0x20000764   Data          96  usart.o(.bss)
    hdma_usart1_rx                           0x200007c4   Data          96  usart.o(.bss)
    hdma_usart3_rx                           0x20000824   Data          96  usart.o(.bss)
    hdma_usart6_rx                           0x20000884   Data          96  usart.o(.bss)
    htim6                                    0x200008e4   Data          60  stm32f4xx_hal_timebase_tim.o(.bss)
    htim2                                    0x200046a4   Data          60  tim.o(.bss)
    htim3                                    0x200046e0   Data          60  tim.o(.bss)
    htim4                                    0x2000471c   Data          60  tim.o(.bss)
    htim5                                    0x20004758   Data          60  tim.o(.bss)
    htim8                                    0x20004794   Data          60  tim.o(.bss)
    htim12                                   0x200047d0   Data          60  tim.o(.bss)
    hadc1                                    0x2000480c   Data          72  adc.o(.bss)
    hrtc                                     0x200048d0   Data          32  rtc.o(.bss)
    hspi5                                    0x200048f0   Data          88  spi.o(.bss)
    __libspace_start                         0x20004948   Data          96  libspace.o(.bss)
    __temporary_stack_top$libspace           0x200049a8   Data           0  libspace.o(.bss)



==============================================================================

Memory Map of the image

  Image Entry point : 0x080001ad

  Load Region LR_IROM1 (Base: 0x08000000, Size: 0x0000a694, Max: 0x00200000, ABSOLUTE, COMPRESSED[0x0000a554])

    Execution Region ER_IROM1 (Base: 0x08000000, Size: 0x0000a53c, Max: 0x00200000, ABSOLUTE)

    Base Addr    Size         Type   Attr      Idx    E Section Name        Object

    0x08000000   0x000001ac   Data   RO         6077    RESET               RoboMentors_Board1_3.lib(startup_stm32f427xx.o)
    0x080001ac   0x00000008   Code   RO         5925  * !!!main             c_w.l(__main.o)
    0x080001b4   0x00000034   Code   RO         6212    !!!scatter          c_w.l(__scatter.o)
    0x080001e8   0x0000003a   Code   RO         6210    !!dczerorl          c_w.l(__dczerorl.o)
    0x08000222   0x00000002   PAD
    0x08000224   0x0000001c   Code   RO         6214    !!handler_zi        c_w.l(__scatter_zi.o)
    0x08000240   0x00000002   Code   RO         6074    .ARM.Collect$$libinit$$00000000  c_w.l(libinit.o)
    0x08000242   0x00000004   Code   RO         6084    .ARM.Collect$$libinit$$00000001  c_w.l(libinit2.o)
    0x08000246   0x00000000   Code   RO         6087    .ARM.Collect$$libinit$$00000004  c_w.l(libinit2.o)
    0x08000246   0x00000000   Code   RO         6090    .ARM.Collect$$libinit$$0000000A  c_w.l(libinit2.o)
    0x08000246   0x00000000   Code   RO         6092    .ARM.Collect$$libinit$$0000000C  c_w.l(libinit2.o)
    0x08000246   0x00000000   Code   RO         6094    .ARM.Collect$$libinit$$0000000E  c_w.l(libinit2.o)
    0x08000246   0x00000000   Code   RO         6097    .ARM.Collect$$libinit$$00000011  c_w.l(libinit2.o)
    0x08000246   0x00000000   Code   RO         6099    .ARM.Collect$$libinit$$00000013  c_w.l(libinit2.o)
    0x08000246   0x00000000   Code   RO         6101    .ARM.Collect$$libinit$$00000015  c_w.l(libinit2.o)
    0x08000246   0x00000000   Code   RO         6103    .ARM.Collect$$libinit$$00000017  c_w.l(libinit2.o)
    0x08000246   0x00000000   Code   RO         6105    .ARM.Collect$$libinit$$00000019  c_w.l(libinit2.o)
    0x08000246   0x00000000   Code   RO         6107    .ARM.Collect$$libinit$$0000001B  c_w.l(libinit2.o)
    0x08000246   0x00000000   Code   RO         6109    .ARM.Collect$$libinit$$0000001D  c_w.l(libinit2.o)
    0x08000246   0x00000000   Code   RO         6111    .ARM.Collect$$libinit$$0000001F  c_w.l(libinit2.o)
    0x08000246   0x00000000   Code   RO         6113    .ARM.Collect$$libinit$$00000021  c_w.l(libinit2.o)
    0x08000246   0x00000000   Code   RO         6115    .ARM.Collect$$libinit$$00000023  c_w.l(libinit2.o)
    0x08000246   0x00000000   Code   RO         6117    .ARM.Collect$$libinit$$00000025  c_w.l(libinit2.o)
    0x08000246   0x00000000   Code   RO         6121    .ARM.Collect$$libinit$$0000002C  c_w.l(libinit2.o)
    0x08000246   0x00000000   Code   RO         6123    .ARM.Collect$$libinit$$0000002E  c_w.l(libinit2.o)
    0x08000246   0x00000000   Code   RO         6125    .ARM.Collect$$libinit$$00000030  c_w.l(libinit2.o)
    0x08000246   0x00000000   Code   RO         6127    .ARM.Collect$$libinit$$00000032  c_w.l(libinit2.o)
    0x08000246   0x00000002   Code   RO         6128    .ARM.Collect$$libinit$$00000033  c_w.l(libinit2.o)
    0x08000248   0x00000002   Code   RO         6150    .ARM.Collect$$libshutdown$$00000000  c_w.l(libshutdown.o)
    0x0800024a   0x00000000   Code   RO         6163    .ARM.Collect$$libshutdown$$00000002  c_w.l(libshutdown2.o)
    0x0800024a   0x00000000   Code   RO         6165    .ARM.Collect$$libshutdown$$00000004  c_w.l(libshutdown2.o)
    0x0800024a   0x00000000   Code   RO         6168    .ARM.Collect$$libshutdown$$00000007  c_w.l(libshutdown2.o)
    0x0800024a   0x00000000   Code   RO         6171    .ARM.Collect$$libshutdown$$0000000A  c_w.l(libshutdown2.o)
    0x0800024a   0x00000000   Code   RO         6173    .ARM.Collect$$libshutdown$$0000000C  c_w.l(libshutdown2.o)
    0x0800024a   0x00000000   Code   RO         6176    .ARM.Collect$$libshutdown$$0000000F  c_w.l(libshutdown2.o)
    0x0800024a   0x00000002   Code   RO         6177    .ARM.Collect$$libshutdown$$00000010  c_w.l(libshutdown2.o)
    0x0800024c   0x00000000   Code   RO         5971    .ARM.Collect$$rtentry$$00000000  c_w.l(__rtentry.o)
    0x0800024c   0x00000000   Code   RO         6041    .ARM.Collect$$rtentry$$00000002  c_w.l(__rtentry2.o)
    0x0800024c   0x00000006   Code   RO         6053    .ARM.Collect$$rtentry$$00000004  c_w.l(__rtentry4.o)
    0x08000252   0x00000000   Code   RO         6043    .ARM.Collect$$rtentry$$00000009  c_w.l(__rtentry2.o)
    0x08000252   0x00000004   Code   RO         6044    .ARM.Collect$$rtentry$$0000000A  c_w.l(__rtentry2.o)
    0x08000256   0x00000000   Code   RO         6046    .ARM.Collect$$rtentry$$0000000C  c_w.l(__rtentry2.o)
    0x08000256   0x00000008   Code   RO         6047    .ARM.Collect$$rtentry$$0000000D  c_w.l(__rtentry2.o)
    0x0800025e   0x00000002   Code   RO         6082    .ARM.Collect$$rtexit$$00000000  c_w.l(rtexit.o)
    0x08000260   0x00000000   Code   RO         6130    .ARM.Collect$$rtexit$$00000002  c_w.l(rtexit2.o)
    0x08000260   0x00000004   Code   RO         6131    .ARM.Collect$$rtexit$$00000003  c_w.l(rtexit2.o)
    0x08000264   0x00000006   Code   RO         6132    .ARM.Collect$$rtexit$$00000004  c_w.l(rtexit2.o)
    0x0800026a   0x00000002   PAD
    0x0800026c   0x000000ba   Code   RO         4277    .emb_text           RoboMentors_Board1_3.lib(port.o)
    0x08000326   0x00000064   Code   RO         5919    .text               c_w.l(rt_memcpy_w.o)
    0x0800038a   0x00000010   Code   RO         5921    .text               c_w.l(aeabi_memset.o)
    0x0800039a   0x00000044   Code   RO         5923    .text               c_w.l(rt_memclr.o)
    0x080003de   0x00000016   Code   RO         5972    .text               c_w.l(_rserrno.o)
    0x080003f4   0x0000004e   Code   RO         5974    .text               c_w.l(rt_memclr_w.o)
    0x08000442   0x00000002   PAD
    0x08000444   0x00000008   Code   RO         6058    .text               c_w.l(rt_errno_addr_intlibspace.o)
    0x0800044c   0x00000008   Code   RO         6062    .text               c_w.l(libspace.o)
    0x08000454   0x0000004a   Code   RO         6065    .text               c_w.l(sys_stackheap_outer.o)
    0x0800049e   0x00000012   Code   RO         6067    .text               c_w.l(exit.o)
    0x080004b0   0x00000040   Code   RO         6078    .text               RoboMentors_Board1_3.lib(startup_stm32f427xx.o)
    0x080004f0   0x00000006   Code   RO         6136    .text               c_w.l(heapauxi.o)
    0x080004f6   0x00000002   PAD
    0x080004f8   0x0000000c   Code   RO         6142    .text               c_w.l(sys_exit.o)
    0x08000504   0x00000002   Code   RO         6153    .text               c_w.l(use_no_semi.o)
    0x08000506   0x00000000   Code   RO         6155    .text               c_w.l(indicate_semi.o)
    0x08000506   0x00000002   PAD
    0x08000508   0x0000016c   Code   RO         3725    i.ADC_Init          RoboMentors_Board1_3.lib(stm32f4xx_hal_adc.o)
    0x08000674   0x00000004   Code   RO          477    i.BusFault_Handler  stm32f4xx_it.o
    0x08000678   0x00000010   Code   RO          478    i.CAN1_RX0_IRQHandler  stm32f4xx_it.o
    0x08000688   0x00000010   Code   RO          479    i.CAN1_TX_IRQHandler  stm32f4xx_it.o
    0x08000698   0x00000010   Code   RO          480    i.CAN2_RX0_IRQHandler  stm32f4xx_it.o
    0x080006a8   0x00000010   Code   RO          481    i.CAN2_TX_IRQHandler  stm32f4xx_it.o
    0x080006b8   0x000001c2   Code   RO         1654    i.CAN_Receive_IT    RoboMentors_Board1_3.lib(stm32f4xx_hal_can.o)
    0x0800087a   0x00000062   Code   RO         1655    i.CAN_Transmit_IT   RoboMentors_Board1_3.lib(stm32f4xx_hal_can.o)
    0x080008dc   0x00000010   Code   RO          482    i.DMA1_Stream1_IRQHandler  stm32f4xx_it.o
    0x080008ec   0x00000010   Code   RO          483    i.DMA1_Stream3_IRQHandler  stm32f4xx_it.o
    0x080008fc   0x00000010   Code   RO          484    i.DMA1_Stream6_IRQHandler  stm32f4xx_it.o
    0x0800090c   0x00000010   Code   RO          485    i.DMA2_Stream1_IRQHandler  stm32f4xx_it.o
    0x0800091c   0x00000010   Code   RO          486    i.DMA2_Stream2_IRQHandler  stm32f4xx_it.o
    0x0800092c   0x00000034   Code   RO          631    i.DMA_CalcBaseAndBitshift  RoboMentors_Board1_3.lib(stm32f4xx_hal_dma.o)
    0x08000960   0x000000aa   Code   RO          632    i.DMA_CheckFifoParam  RoboMentors_Board1_3.lib(stm32f4xx_hal_dma.o)
    0x08000a0a   0x0000002c   Code   RO          633    i.DMA_SetConfig     RoboMentors_Board1_3.lib(stm32f4xx_hal_dma.o)
    0x08000a36   0x00000002   Code   RO          487    i.DebugMon_Handler  stm32f4xx_it.o
    0x08000a38   0x00000194   Code   RO         3727    i.HAL_ADC_ConfigChannel  RoboMentors_Board1_3.lib(stm32f4xx_hal_adc.o)
    0x08000bcc   0x00000068   Code   RO         3736    i.HAL_ADC_Init      RoboMentors_Board1_3.lib(stm32f4xx_hal_adc.o)
    0x08000c34   0x00000054   Code   RO         4671    i.HAL_ADC_MspInit   RoboMentors_Board1_3.lib(adc.o)
    0x08000c88   0x00000108   Code   RO         1656    i.HAL_CAN_ConfigFilter  RoboMentors_Board1_3.lib(stm32f4xx_hal_can.o)
    0x08000d90   0x00000002   Code   RO         1658    i.HAL_CAN_ErrorCallback  RoboMentors_Board1_3.lib(stm32f4xx_hal_can.o)
    0x08000d92   0x00000002   PAD
    0x08000d94   0x00000254   Code   RO         1661    i.HAL_CAN_IRQHandler  RoboMentors_Board1_3.lib(stm32f4xx_hal_can.o)
    0x08000fe8   0x000001bc   Code   RO         1662    i.HAL_CAN_Init      RoboMentors_Board1_3.lib(stm32f4xx_hal_can.o)
    0x080011a4   0x00000134   Code   RO         2515    i.HAL_CAN_MspInit   RoboMentors_Board1_3.lib(can.o)
    0x080012d8   0x0000010c   Code   RO         1666    i.HAL_CAN_Receive_IT  RoboMentors_Board1_3.lib(stm32f4xx_hal_can.o)
    0x080013e4   0x00000068   Code   RO         2888    i.HAL_CAN_RxCpltCallback  RoboMentors_Board1_3.lib(bsp_can.o)
    0x0800144c   0x000002b8   Code   RO         1669    i.HAL_CAN_Transmit  RoboMentors_Board1_3.lib(stm32f4xx_hal_can.o)
    0x08001704   0x00000002   Code   RO         1671    i.HAL_CAN_TxCpltCallback  RoboMentors_Board1_3.lib(stm32f4xx_hal_can.o)
    0x08001706   0x00000028   Code   RO          635    i.HAL_DMA_Abort_IT  RoboMentors_Board1_3.lib(stm32f4xx_hal_dma.o)
    0x0800172e   0x00000002   PAD
    0x08001730   0x00000248   Code   RO          639    i.HAL_DMA_IRQHandler  RoboMentors_Board1_3.lib(stm32f4xx_hal_dma.o)
    0x08001978   0x000000ec   Code   RO          640    i.HAL_DMA_Init      RoboMentors_Board1_3.lib(stm32f4xx_hal_dma.o)
    0x08001a64   0x00000066   Code   RO          643    i.HAL_DMA_Start     RoboMentors_Board1_3.lib(stm32f4xx_hal_dma.o)
    0x08001aca   0x0000001e   Code   RO         1496    i.HAL_Delay         RoboMentors_Board1_3.lib(stm32f4xx_hal.o)
    0x08001ae8   0x0000021c   Code   RO         3178    i.HAL_GPIO_Init     RoboMentors_Board1_3.lib(stm32f4xx_hal_gpio.o)
    0x08001d04   0x0000000c   Code   RO         3182    i.HAL_GPIO_WritePin  RoboMentors_Board1_3.lib(stm32f4xx_hal_gpio.o)
    0x08001d10   0x0000000c   Code   RO         1504    i.HAL_GetTick       RoboMentors_Board1_3.lib(stm32f4xx_hal.o)
    0x08001d1c   0x00000010   Code   RO         1506    i.HAL_IncTick       RoboMentors_Board1_3.lib(stm32f4xx_hal.o)
    0x08001d2c   0x0000003c   Code   RO         1507    i.HAL_Init          RoboMentors_Board1_3.lib(stm32f4xx_hal.o)
    0x08001d68   0x0000008c   Code   RO         2635    i.HAL_InitTick      RoboMentors_Board1_3.lib(stm32f4xx_hal_timebase_tim.o)
    0x08001df4   0x00000002   Code   RO         1510    i.HAL_MspInit       RoboMentors_Board1_3.lib(stm32f4xx_hal.o)
    0x08001df6   0x0000001a   Code   RO         3587    i.HAL_NVIC_EnableIRQ  RoboMentors_Board1_3.lib(stm32f4xx_hal_cortex.o)
    0x08001e10   0x0000007c   Code   RO         3593    i.HAL_NVIC_SetPriority  RoboMentors_Board1_3.lib(stm32f4xx_hal_cortex.o)
    0x08001e8c   0x00000028   Code   RO         3594    i.HAL_NVIC_SetPriorityGrouping  RoboMentors_Board1_3.lib(stm32f4xx_hal_cortex.o)
    0x08001eb4   0x000000a4   Code   RO         4845    i.HAL_PWREx_EnableOverDrive  RoboMentors_Board1_3.lib(stm32f4xx_hal_pwr_ex.o)
    0x08001f58   0x00000370   Code   RO         4913    i.HAL_RCCEx_PeriphCLKConfig  RoboMentors_Board1_3.lib(stm32f4xx_hal_rcc_ex.o)
    0x080022c8   0x000001d0   Code   RO         3242    i.HAL_RCC_ClockConfig  RoboMentors_Board1_3.lib(stm32f4xx_hal_rcc.o)
    0x08002498   0x00000044   Code   RO         3246    i.HAL_RCC_GetClockConfig  RoboMentors_Board1_3.lib(stm32f4xx_hal_rcc.o)
    0x080024dc   0x0000000c   Code   RO         3247    i.HAL_RCC_GetHCLKFreq  RoboMentors_Board1_3.lib(stm32f4xx_hal_rcc.o)
    0x080024e8   0x0000002c   Code   RO         3249    i.HAL_RCC_GetPCLK1Freq  RoboMentors_Board1_3.lib(stm32f4xx_hal_rcc.o)
    0x08002514   0x0000002c   Code   RO         3250    i.HAL_RCC_GetPCLK2Freq  RoboMentors_Board1_3.lib(stm32f4xx_hal_rcc.o)
    0x08002540   0x000000b4   Code   RO         3251    i.HAL_RCC_GetSysClockFreq  RoboMentors_Board1_3.lib(stm32f4xx_hal_rcc.o)
    0x080025f4   0x0000044c   Code   RO         3254    i.HAL_RCC_OscConfig  RoboMentors_Board1_3.lib(stm32f4xx_hal_rcc.o)
    0x08002a40   0x00000012   Code   RO         5691    i.HAL_RTCEx_BKUPRead  RoboMentors_Board1_3.lib(stm32f4xx_hal_rtc_ex.o)
    0x08002a52   0x00000012   Code   RO         5692    i.HAL_RTCEx_BKUPWrite  RoboMentors_Board1_3.lib(stm32f4xx_hal_rtc_ex.o)
    0x08002a64   0x000000fe   Code   RO         5717    i.HAL_RTCEx_SetWakeUpTimer  RoboMentors_Board1_3.lib(stm32f4xx_hal_rtc_ex.o)
    0x08002b62   0x00000002   PAD
    0x08002b64   0x000000b4   Code   RO         5560    i.HAL_RTC_Init      RoboMentors_Board1_3.lib(stm32f4xx_hal_rtc.o)
    0x08002c18   0x00000018   Code   RO         5445    i.HAL_RTC_MspInit   RoboMentors_Board1_3.lib(rtc.o)
    0x08002c30   0x00000114   Code   RO         5566    i.HAL_RTC_SetDate   RoboMentors_Board1_3.lib(stm32f4xx_hal_rtc.o)
    0x08002d44   0x00000134   Code   RO         5567    i.HAL_RTC_SetTime   RoboMentors_Board1_3.lib(stm32f4xx_hal_rtc.o)
    0x08002e78   0x0000003a   Code   RO         5568    i.HAL_RTC_WaitForSynchro  RoboMentors_Board1_3.lib(stm32f4xx_hal_rtc.o)
    0x08002eb2   0x0000008c   Code   RO         4964    i.HAL_SPI_Init      RoboMentors_Board1_3.lib(stm32f4xx_hal_spi.o)
    0x08002f3e   0x00000002   PAD
    0x08002f40   0x0000005c   Code   RO         5487    i.HAL_SPI_MspInit   RoboMentors_Board1_3.lib(spi.o)
    0x08002f9c   0x0000021e   Code   RO         4973    i.HAL_SPI_TransmitReceive  RoboMentors_Board1_3.lib(stm32f4xx_hal_spi.o)
    0x080031ba   0x00000028   Code   RO         3596    i.HAL_SYSTICK_CLKSourceConfig  RoboMentors_Board1_3.lib(stm32f4xx_hal_cortex.o)
    0x080031e2   0x00000034   Code   RO         3598    i.HAL_SYSTICK_Config  RoboMentors_Board1_3.lib(stm32f4xx_hal_cortex.o)
    0x08003216   0x00000002   Code   RO         3343    i.HAL_TIMEx_BreakCallback  RoboMentors_Board1_3.lib(stm32f4xx_hal_tim_ex.o)
    0x08003218   0x00000002   Code   RO         3344    i.HAL_TIMEx_CommutationCallback  RoboMentors_Board1_3.lib(stm32f4xx_hal_tim_ex.o)
    0x0800321a   0x0000007e   Code   RO         3345    i.HAL_TIMEx_ConfigBreakDeadTime  RoboMentors_Board1_3.lib(stm32f4xx_hal_tim_ex.o)
    0x08003298   0x00000062   Code   RO         3360    i.HAL_TIMEx_MasterConfigSynchronization  RoboMentors_Board1_3.lib(stm32f4xx_hal_tim_ex.o)
    0x080032fa   0x00000034   Code   RO          850    i.HAL_TIM_Base_Init  RoboMentors_Board1_3.lib(stm32f4xx_hal_tim.o)
    0x0800332e   0x00000002   Code   RO          852    i.HAL_TIM_Base_MspInit  RoboMentors_Board1_3.lib(stm32f4xx_hal_tim.o)
    0x08003330   0x0000001e   Code   RO          855    i.HAL_TIM_Base_Start_IT  RoboMentors_Board1_3.lib(stm32f4xx_hal_tim.o)
    0x0800334e   0x00000002   Code   RO          879    i.HAL_TIM_IC_CaptureCallback  RoboMentors_Board1_3.lib(stm32f4xx_hal_tim.o)
    0x08003350   0x00000196   Code   RO          892    i.HAL_TIM_IRQHandler  RoboMentors_Board1_3.lib(stm32f4xx_hal_tim.o)
    0x080034e6   0x00000002   PAD
    0x080034e8   0x00000128   Code   RO         4530    i.HAL_TIM_MspPostInit  RoboMentors_Board1_3.lib(tim.o)
    0x08003610   0x00000002   Code   RO          895    i.HAL_TIM_OC_DelayElapsedCallback  RoboMentors_Board1_3.lib(stm32f4xx_hal_tim.o)
    0x08003612   0x00000108   Code   RO          916    i.HAL_TIM_PWM_ConfigChannel  RoboMentors_Board1_3.lib(stm32f4xx_hal_tim.o)
    0x0800371a   0x00000034   Code   RO          919    i.HAL_TIM_PWM_Init  RoboMentors_Board1_3.lib(stm32f4xx_hal_tim.o)
    0x0800374e   0x00000002   PAD
    0x08003750   0x00000110   Code   RO         4532    i.HAL_TIM_PWM_MspInit  RoboMentors_Board1_3.lib(tim.o)
    0x08003860   0x00000002   Code   RO          922    i.HAL_TIM_PWM_PulseFinishedCallback  RoboMentors_Board1_3.lib(stm32f4xx_hal_tim.o)
    0x08003862   0x00000002   PAD
    0x08003864   0x0000004c   Code   RO          923    i.HAL_TIM_PWM_Start  RoboMentors_Board1_3.lib(stm32f4xx_hal_tim.o)
    0x080038b0   0x00000018   Code   RO         4608    i.HAL_TIM_PeriodElapsedCallback  RoboMentors_Board1_3.lib(main.o)
    0x080038c8   0x00000002   Code   RO          933    i.HAL_TIM_TriggerCallback  RoboMentors_Board1_3.lib(stm32f4xx_hal_tim.o)
    0x080038ca   0x00000002   Code   RO         1805    i.HAL_UART_ErrorCallback  RoboMentors_Board1_3.lib(stm32f4xx_hal_uart.o)
    0x080038cc   0x0000014c   Code   RO         1808    i.HAL_UART_IRQHandler  RoboMentors_Board1_3.lib(stm32f4xx_hal_uart.o)
    0x08003a18   0x00000072   Code   RO         1809    i.HAL_UART_Init     RoboMentors_Board1_3.lib(stm32f4xx_hal_uart.o)
    0x08003a8a   0x00000002   PAD
    0x08003a8c   0x00000358   Code   RO         2567    i.HAL_UART_MspInit  RoboMentors_Board1_3.lib(usart.o)
    0x08003de4   0x00000002   Code   RO         1815    i.HAL_UART_RxCpltCallback  RoboMentors_Board1_3.lib(stm32f4xx_hal_uart.o)
    0x08003de6   0x000000d6   Code   RO         1817    i.HAL_UART_Transmit  RoboMentors_Board1_3.lib(stm32f4xx_hal_uart.o)
    0x08003ebc   0x00000002   Code   RO         1820    i.HAL_UART_TxCpltCallback  RoboMentors_Board1_3.lib(stm32f4xx_hal_uart.o)
    0x08003ebe   0x00000006   Code   RO          488    i.HardFault_Handler  stm32f4xx_it.o
    0x08003ec4   0x0000007c   Code   RO         4672    i.MX_ADC1_Init      RoboMentors_Board1_3.lib(adc.o)
    0x08003f40   0x00000058   Code   RO         2516    i.MX_CAN1_Init      RoboMentors_Board1_3.lib(can.o)
    0x08003f98   0x0000005c   Code   RO         2517    i.MX_CAN2_Init      RoboMentors_Board1_3.lib(can.o)
    0x08003ff4   0x00000098   Code   RO         5528    i.MX_DMA_Init       RoboMentors_Board1_3.lib(dma.o)
    0x0800408c   0x00000048   Code   RO         2675    i.MX_FREERTOS_Init  RoboMentors_Board1_3.lib(freertos.o)
    0x080040d4   0x000002b4   Code   RO         5420    i.MX_GPIO_Init      RoboMentors_Board1_3.lib(gpio.o)
    0x08004388   0x000000d0   Code   RO         5446    i.MX_RTC_Init       RoboMentors_Board1_3.lib(rtc.o)
    0x08004458   0x00000058   Code   RO         5488    i.MX_SPI5_Init      RoboMentors_Board1_3.lib(spi.o)
    0x080044b0   0x0000006c   Code   RO         4533    i.MX_TIM12_Init     RoboMentors_Board1_3.lib(tim.o)
    0x0800451c   0x000000c4   Code   RO         4534    i.MX_TIM2_Init      RoboMentors_Board1_3.lib(tim.o)
    0x080045e0   0x000000a0   Code   RO         4535    i.MX_TIM3_Init      RoboMentors_Board1_3.lib(tim.o)
    0x08004680   0x000000c8   Code   RO         4536    i.MX_TIM4_Init      RoboMentors_Board1_3.lib(tim.o)
    0x08004748   0x000000c8   Code   RO         4537    i.MX_TIM5_Init      RoboMentors_Board1_3.lib(tim.o)
    0x08004810   0x00000104   Code   RO         4538    i.MX_TIM8_Init      RoboMentors_Board1_3.lib(tim.o)
    0x08004914   0x0000004c   Code   RO         2568    i.MX_UART7_Init     RoboMentors_Board1_3.lib(usart.o)
    0x08004960   0x0000004c   Code   RO         2569    i.MX_UART8_Init     RoboMentors_Board1_3.lib(usart.o)
    0x080049ac   0x00000050   Code   RO         2570    i.MX_USART1_UART_Init  RoboMentors_Board1_3.lib(usart.o)
    0x080049fc   0x0000004c   Code   RO         2571    i.MX_USART3_UART_Init  RoboMentors_Board1_3.lib(usart.o)
    0x08004a48   0x0000004c   Code   RO         2572    i.MX_USART6_UART_Init  RoboMentors_Board1_3.lib(usart.o)
    0x08004a94   0x00000004   Code   RO          489    i.MemManage_Handler  stm32f4xx_it.o
    0x08004a98   0x00000002   Code   RO          490    i.NMI_Handler       stm32f4xx_it.o
    0x08004a9a   0x00000002   PAD
    0x08004a9c   0x00000010   Code   RO         3600    i.NVIC_GetPriorityGrouping  RoboMentors_Board1_3.lib(stm32f4xx_hal_cortex.o)
    0x08004aac   0x00000028   Code   RO         3601    i.NVIC_SetPriority  RoboMentors_Board1_3.lib(stm32f4xx_hal_cortex.o)
    0x08004ad4   0x00000016   Code   RO         5569    i.RTC_Bcd2ToByte    RoboMentors_Board1_3.lib(stm32f4xx_hal_rtc.o)
    0x08004aea   0x0000001a   Code   RO         5570    i.RTC_ByteToBcd2    RoboMentors_Board1_3.lib(stm32f4xx_hal_rtc.o)
    0x08004b04   0x0000003e   Code   RO         5571    i.RTC_EnterInitMode  RoboMentors_Board1_3.lib(stm32f4xx_hal_rtc.o)
    0x08004b42   0x00000028   Code   RO         4988    i.SPI_CheckFlag_BSY  RoboMentors_Board1_3.lib(stm32f4xx_hal_spi.o)
    0x08004b6a   0x000000aa   Code   RO         5006    i.SPI_WaitFlagStateUntilTimeout  RoboMentors_Board1_3.lib(stm32f4xx_hal_spi.o)
    0x08004c14   0x0000000a   Code   RO         2676    i.StartDefaultTask  RoboMentors_Board1_3.lib(freertos.o)
    0x08004c1e   0x00000008   Code   RO          491    i.SysTick_Handler   stm32f4xx_it.o
    0x08004c26   0x00000002   PAD
    0x08004c28   0x00000108   Code   RO         4609    i.SystemClock_Config  RoboMentors_Board1_3.lib(main.o)
    0x08004d30   0x00000064   Code   RO         3139    i.SystemInit        RoboMentors_Board1_3.lib(system_stm32f4xx.o)
    0x08004d94   0x00000010   Code   RO          492    i.TIM6_DAC_IRQHandler  stm32f4xx_it.o
    0x08004da4   0x000000e4   Code   RO          934    i.TIM_Base_SetConfig  RoboMentors_Board1_3.lib(stm32f4xx_hal_tim.o)
    0x08004e88   0x0000001c   Code   RO          935    i.TIM_CCxChannelCmd  RoboMentors_Board1_3.lib(stm32f4xx_hal_tim.o)
    0x08004ea4   0x00000070   Code   RO          943    i.TIM_OC1_SetConfig  RoboMentors_Board1_3.lib(stm32f4xx_hal_tim.o)
    0x08004f14   0x00000078   Code   RO          944    i.TIM_OC2_SetConfig  RoboMentors_Board1_3.lib(stm32f4xx_hal_tim.o)
    0x08004f8c   0x00000078   Code   RO          945    i.TIM_OC3_SetConfig  RoboMentors_Board1_3.lib(stm32f4xx_hal_tim.o)
    0x08005004   0x00000060   Code   RO          946    i.TIM_OC4_SetConfig  RoboMentors_Board1_3.lib(stm32f4xx_hal_tim.o)
    0x08005064   0x00000014   Code   RO          493    i.UART7_IRQHandler  stm32f4xx_it.o
    0x08005078   0x00000014   Code   RO          494    i.UART8_IRQHandler  stm32f4xx_it.o
    0x0800508c   0x00000014   Code   RO         1822    i.UART_DMAAbortOnError  RoboMentors_Board1_3.lib(stm32f4xx_hal_uart.o)
    0x080050a0   0x00000020   Code   RO         1832    i.UART_EndRxTransfer  RoboMentors_Board1_3.lib(stm32f4xx_hal_uart.o)
    0x080050c0   0x00000020   Code   RO         1833    i.UART_EndTransmit_IT  RoboMentors_Board1_3.lib(stm32f4xx_hal_uart.o)
    0x080050e0   0x0000009a   Code   RO         1835    i.UART_Receive_IT   RoboMentors_Board1_3.lib(stm32f4xx_hal_uart.o)
    0x0800517a   0x00000002   PAD
    0x0800517c   0x00000368   Code   RO         1836    i.UART_SetConfig    RoboMentors_Board1_3.lib(stm32f4xx_hal_uart.o)
    0x080054e4   0x00000068   Code   RO         1837    i.UART_Transmit_IT  RoboMentors_Board1_3.lib(stm32f4xx_hal_uart.o)
    0x0800554c   0x0000006c   Code   RO         1838    i.UART_WaitOnFlagUntilTimeout  RoboMentors_Board1_3.lib(stm32f4xx_hal_uart.o)
    0x080055b8   0x00000014   Code   RO          495    i.USART1_IRQHandler  stm32f4xx_it.o
    0x080055cc   0x00000014   Code   RO          496    i.USART3_IRQHandler  stm32f4xx_it.o
    0x080055e0   0x00000014   Code   RO          497    i.USART6_IRQHandler  stm32f4xx_it.o
    0x080055f4   0x00000004   Code   RO          498    i.UsageFault_Handler  stm32f4xx_it.o
    0x080055f8   0x000000f8   Code   RO          412    i.Usart3_callback   study_task.o
    0x080056f0   0x00000004   Code   RO         4610    i._Error_Handler    RoboMentors_Board1_3.lib(main.o)
    0x080056f4   0x00000030   Code   RO         6035    i.__ARM_fpclassify  m_wm.l(fpclassify.o)
    0x08005724   0x00000004   PAD
    0x08005728   0x00000360   Code   RO         5933    i.__hardfp_asin     m_wm.l(asin.o)
    0x08005a88   0x000002d8   Code   RO         6001    i.__hardfp_atan     m_wm.l(atan.o)
    0x08005d60   0x000001f0   Code   RO         5947    i.__hardfp_atan2    m_wm.l(atan2.o)
    0x08005f50   0x0000007a   Code   RO         5959    i.__hardfp_sqrt     m_wm.l(sqrt.o)
    0x08005fca   0x000000f8   Code   RO         6037    i.__kernel_poly     m_wm.l(poly.o)
    0x080060c2   0x00000014   Code   RO         6016    i.__mathlib_dbl_infnan  m_wm.l(dunder.o)
    0x080060d6   0x00000014   Code   RO         6017    i.__mathlib_dbl_infnan2  m_wm.l(dunder.o)
    0x080060ea   0x00000006   PAD
    0x080060f0   0x00000020   Code   RO         6018    i.__mathlib_dbl_invalid  m_wm.l(dunder.o)
    0x08006110   0x00000020   Code   RO         6021    i.__mathlib_dbl_underflow  m_wm.l(dunder.o)
    0x08006130   0x0000002e   Code   RO          237    i.abs_limit         pid.o
    0x0800615e   0x00000010   Code   RO         6003    i.atan              m_wm.l(atan.o)
    0x0800616e   0x00000002   PAD
    0x08006170   0x000000d8   Code   RO          159    i.can1_recv_callback  can_device.o
    0x08006248   0x00000068   Code   RO         2889    i.can_device_init   RoboMentors_Board1_3.lib(bsp_can.o)
    0x080062b0   0x0000001c   Code   RO         2890    i.can_receive_start  RoboMentors_Board1_3.lib(bsp_can.o)
    0x080062cc   0x00000018   Code   RO         2891    i.can_recv_callback_register  RoboMentors_Board1_3.lib(bsp_can.o)
    0x080062e4   0x00000014   Code   RO            4    i.dbus_uart_callback  uart_device.o
    0x080062f8   0x0000002c   Code   RO         3015    i.digital_tube_init  RoboMentors_Board1_3.lib(bsp_io.o)
    0x08006324   0x000000b8   Code   RO         3016    i.display_num       RoboMentors_Board1_3.lib(bsp_io.o)
    0x080063dc   0x000000d0   Code   RO          161    i.encoder_data_handle  can_device.o
    0x080064ac   0x00000018   Code   RO         6031    i.fabs              m_wm.l(fabs.o)
    0x080064c4   0x00000010   Code   RO          162    i.get_moto_offset   can_device.o
    0x080064d4   0x000007e0   Code   RO         4713    i.imu_AHRS_update   RoboMentors_Board1_3.lib(bsp_imu.o)
    0x08006cb4   0x00000344   Code   RO         4714    i.imu_attitude_update  RoboMentors_Board1_3.lib(bsp_imu.o)
    0x08006ff8   0x00000034   Code   RO         4715    i.imu_task          RoboMentors_Board1_3.lib(bsp_imu.o)
    0x0800702c   0x00000094   Code   RO          320    i.init_setup        startup.o
    0x080070c0   0x0000003c   Code   RO         4716    i.invSqrt           RoboMentors_Board1_3.lib(bsp_imu.o)
    0x080070fc   0x00000100   Code   RO         4718    i.ist8310_init      RoboMentors_Board1_3.lib(bsp_imu.o)
    0x080071fc   0x0000003a   Code   RO         4719    i.ist_reg_read_by_mpu  RoboMentors_Board1_3.lib(bsp_imu.o)
    0x08007236   0x00000040   Code   RO         4720    i.ist_reg_write_by_mpu  RoboMentors_Board1_3.lib(bsp_imu.o)
    0x08007276   0x00000002   PAD
    0x08007278   0x000000b0   Code   RO         4611    i.main              RoboMentors_Board1_3.lib(main.o)
    0x08007328   0x0000000e   Code   RO         2116    i.makeFreeRtosPriority  RoboMentors_Board1_3.lib(cmsis_os.o)
    0x08007336   0x00000002   PAD
    0x08007338   0x00000068   Code   RO         4721    i.mpu_device_init   RoboMentors_Board1_3.lib(bsp_imu.o)
    0x080073a0   0x000001e8   Code   RO         4722    i.mpu_get_data      RoboMentors_Board1_3.lib(bsp_imu.o)
    0x08007588   0x0000008c   Code   RO         4723    i.mpu_mst_i2c_auto_read_config  RoboMentors_Board1_3.lib(bsp_imu.o)
    0x08007614   0x00000130   Code   RO         4724    i.mpu_offset_cal    RoboMentors_Board1_3.lib(bsp_imu.o)
    0x08007744   0x00000054   Code   RO         4725    i.mpu_read_reg      RoboMentors_Board1_3.lib(bsp_imu.o)
    0x08007798   0x00000064   Code   RO         4726    i.mpu_read_regs     RoboMentors_Board1_3.lib(bsp_imu.o)
    0x080077fc   0x00000058   Code   RO         4727    i.mpu_write_reg     RoboMentors_Board1_3.lib(bsp_imu.o)
    0x08007854   0x00000018   Code   RO         2118    i.osDelay           RoboMentors_Board1_3.lib(cmsis_os.o)
    0x0800786c   0x0000000a   Code   RO         2121    i.osKernelStart     RoboMentors_Board1_3.lib(cmsis_os.o)
    0x08007876   0x00000010   Code   RO         2154    i.osSystickHandler  RoboMentors_Board1_3.lib(cmsis_os.o)
    0x08007886   0x00000030   Code   RO         2155    i.osThreadCreate    RoboMentors_Board1_3.lib(cmsis_os.o)
    0x080078b6   0x000000ae   Code   RO          238    i.pid_calc          pid.o
    0x08007964   0x00000012   Code   RO          239    i.pid_init          pid.o
    0x08007976   0x00000002   PAD
    0x08007978   0x00000098   Code   RO         3960    i.prvAddCurrentTaskToDelayedList  RoboMentors_Board1_3.lib(tasks.o)
    0x08007a10   0x000000b4   Code   RO         3961    i.prvAddNewTaskToReadyList  RoboMentors_Board1_3.lib(tasks.o)
    0x08007ac4   0x00000064   Code   RO         3962    i.prvCheckTasksWaitingTermination  RoboMentors_Board1_3.lib(tasks.o)
    0x08007b28   0x00000012   Code   RO         3963    i.prvDeleteTCB      RoboMentors_Board1_3.lib(tasks.o)
    0x08007b3a   0x00000002   PAD
    0x08007b3c   0x0000007c   Code   RO         3889    i.prvHeapInit       RoboMentors_Board1_3.lib(heap_4.o)
    0x08007bb8   0x00000028   Code   RO         3964    i.prvIdleTask       RoboMentors_Board1_3.lib(tasks.o)
    0x08007be0   0x000000b4   Code   RO         3965    i.prvInitialiseNewTask  RoboMentors_Board1_3.lib(tasks.o)
    0x08007c94   0x00000068   Code   RO         3966    i.prvInitialiseTaskLists  RoboMentors_Board1_3.lib(tasks.o)
    0x08007cfc   0x00000068   Code   RO         3890    i.prvInsertBlockIntoFreeList  RoboMentors_Board1_3.lib(heap_4.o)
    0x08007d64   0x00000034   Code   RO         3967    i.prvResetNextTaskUnblockTime  RoboMentors_Board1_3.lib(tasks.o)
    0x08007d98   0x00000040   Code   RO         4278    i.prvTaskExitError  RoboMentors_Board1_3.lib(port.o)
    0x08007dd8   0x0000013c   Code   RO         3891    i.pvPortMalloc      RoboMentors_Board1_3.lib(heap_4.o)
    0x08007f14   0x0000002c   Code   RO         4279    i.pxPortInitialiseStack  RoboMentors_Board1_3.lib(port.o)
    0x08007f40   0x00000144   Code   RO         3021    i.refresh_digital_tube  RoboMentors_Board1_3.lib(bsp_io.o)
    0x08008084   0x00000178   Code   RO            5    i.remote_data_handle  uart_device.o
    0x080081fc   0x00000040   Code   RO          163    i.send_chassis_moto_current  can_device.o
    0x0800823c   0x00000184   Code   RO         3023    i.set_digital_io_dir  RoboMentors_Board1_3.lib(bsp_io.o)
    0x080083c0   0x0000006e   Code   RO         5961    i.sqrt              m_wm.l(sqrt.o)
    0x0800842e   0x00000002   PAD
    0x08008430   0x00000378   Code   RO          413    i.study_task        study_task.o
    0x080087a8   0x00000028   Code   RO          321    i.sys_start_task    startup.o
    0x080087d0   0x00000114   Code   RO         2953    i.uart_init         RoboMentors_Board1_3.lib(bsp_uart.o)
    0x080088e4   0x0000005c   Code   RO         2954    i.uart_receive_no_dma_it  RoboMentors_Board1_3.lib(bsp_uart.o)
    0x08008940   0x00000078   Code   RO         2955    i.uart_receive_start  RoboMentors_Board1_3.lib(bsp_uart.o)
    0x080089b8   0x00000038   Code   RO         2956    i.uart_recv_callback_register  RoboMentors_Board1_3.lib(bsp_uart.o)
    0x080089f0   0x0000043c   Code   RO         2957    i.uart_recv_interrupt_callback  RoboMentors_Board1_3.lib(bsp_uart.o)
    0x08008e2c   0x00000028   Code   RO         5372    i.uxListRemove      RoboMentors_Board1_3.lib(list.o)
    0x08008e54   0x00000004   Code   RO         2677    i.vApplicationStackOverflowHook  RoboMentors_Board1_3.lib(freertos.o)
    0x08008e58   0x0000001a   Code   RO         5373    i.vListInitialise   RoboMentors_Board1_3.lib(list.o)
    0x08008e72   0x00000006   Code   RO         5374    i.vListInitialiseItem  RoboMentors_Board1_3.lib(list.o)
    0x08008e78   0x00000034   Code   RO         5375    i.vListInsert       RoboMentors_Board1_3.lib(list.o)
    0x08008eac   0x00000018   Code   RO         5376    i.vListInsertEnd    RoboMentors_Board1_3.lib(list.o)
    0x08008ec4   0x00000054   Code   RO         4281    i.vPortEnterCritical  RoboMentors_Board1_3.lib(port.o)
    0x08008f18   0x0000003c   Code   RO         4282    i.vPortExitCritical  RoboMentors_Board1_3.lib(port.o)
    0x08008f54   0x00000094   Code   RO         3892    i.vPortFree         RoboMentors_Board1_3.lib(heap_4.o)
    0x08008fe8   0x00000020   Code   RO         4283    i.vPortSetupTimerInterrupt  RoboMentors_Board1_3.lib(port.o)
    0x08009008   0x0000005c   Code   RO         3977    i.vTaskDelay        RoboMentors_Board1_3.lib(tasks.o)
    0x08009064   0x00000088   Code   RO         3989    i.vTaskStartScheduler  RoboMentors_Board1_3.lib(tasks.o)
    0x080090ec   0x00000010   Code   RO         3991    i.vTaskSuspendAll   RoboMentors_Board1_3.lib(tasks.o)
    0x080090fc   0x000000a8   Code   RO         3992    i.vTaskSwitchContext  RoboMentors_Board1_3.lib(tasks.o)
    0x080091a4   0x000000e4   Code   RO         2893    i.write_can         RoboMentors_Board1_3.lib(bsp_can.o)
    0x08009288   0x000000b0   Code   RO         3029    i.write_digital_io  RoboMentors_Board1_3.lib(bsp_io.o)
    0x08009338   0x000000dc   Code   RO         3030    i.write_led_io      RoboMentors_Board1_3.lib(bsp_io.o)
    0x08009414   0x0000005c   Code   RO         2958    i.write_uart        RoboMentors_Board1_3.lib(bsp_uart.o)
    0x08009470   0x0000013c   Code   RO         4285    i.xPortStartScheduler  RoboMentors_Board1_3.lib(port.o)
    0x080095ac   0x00000034   Code   RO         4286    i.xPortSysTickHandler  RoboMentors_Board1_3.lib(port.o)
    0x080095e0   0x00000060   Code   RO         3994    i.xTaskCreate       RoboMentors_Board1_3.lib(tasks.o)
    0x08009640   0x00000020   Code   RO         3998    i.xTaskGetSchedulerState  RoboMentors_Board1_3.lib(tasks.o)
    0x08009660   0x00000148   Code   RO         4001    i.xTaskIncrementTick  RoboMentors_Board1_3.lib(tasks.o)
    0x080097a8   0x00000104   Code   RO         4007    i.xTaskResumeAll    RoboMentors_Board1_3.lib(tasks.o)
    0x080098ac   0x00000018   Code   RO         5976    x$fpl$basic         fz_wm.l(basic.o)
    0x080098c4   0x00000062   Code   RO         5927    x$fpl$d2f           fz_wm.l(d2f.o)
    0x08009926   0x00000002   PAD
    0x08009928   0x00000150   Code   RO         5978    x$fpl$dadd          fz_wm.l(daddsub_clz.o)
    0x08009a78   0x000002b0   Code   RO         5985    x$fpl$ddiv          fz_wm.l(ddiv.o)
    0x08009d28   0x00000154   Code   RO         5929    x$fpl$dmul          fz_wm.l(dmul.o)
    0x08009e7c   0x0000009c   Code   RO         5990    x$fpl$dnaninf       fz_wm.l(dnaninf.o)
    0x08009f18   0x0000000c   Code   RO         5992    x$fpl$dretinf       fz_wm.l(dretinf.o)
    0x08009f24   0x00000016   Code   RO         5979    x$fpl$drsb          fz_wm.l(daddsub_clz.o)
    0x08009f3a   0x00000002   PAD
    0x08009f3c   0x00000198   Code   RO         5994    x$fpl$dsqrt         fz_wm.l(dsqrt_umaal.o)
    0x0800a0d4   0x000001d4   Code   RO         5980    x$fpl$dsub          fz_wm.l(daddsub_clz.o)
    0x0800a2a8   0x00000056   Code   RO         5931    x$fpl$f2d           fz_wm.l(f2d.o)
    0x0800a2fe   0x0000008c   Code   RO         5996    x$fpl$fnaninf       fz_wm.l(fnaninf.o)
    0x0800a38a   0x0000000a   Code   RO         6140    x$fpl$fpinit        fz_wm.l(fpinit.o)
    0x0800a394   0x0000000a   Code   RO         5998    x$fpl$fretinf       fz_wm.l(fretinf.o)
    0x0800a39e   0x00000000   Code   RO         6000    x$fpl$usenofp       fz_wm.l(usenofp.o)
    0x0800a39e   0x00000002   PAD
    0x0800a3a0   0x00000014   Data   RO          322    .constdata          startup.o
    0x0800a3b4   0x00000008   Data   RO          646    .constdata          RoboMentors_Board1_3.lib(stm32f4xx_hal_dma.o)
    0x0800a3bc   0x00000028   Data   RO         2678    .constdata          RoboMentors_Board1_3.lib(freertos.o)
    0x0800a3e4   0x00000018   Data   RO         3140    .constdata          RoboMentors_Board1_3.lib(system_stm32f4xx.o)
    0x0800a3fc   0x0000000e   Data   RO         4729    .constdata          RoboMentors_Board1_3.lib(bsp_imu.o)
    0x0800a40a   0x00000006   PAD
    0x0800a410   0x00000050   Data   RO         5936    .constdata          m_wm.l(asin.o)
    0x0800a460   0x00000098   Data   RO         6004    .constdata          m_wm.l(atan.o)
    0x0800a4f8   0x00000008   Data   RO         6039    .constdata          m_wm.l(qnan.o)
    0x0800a500   0x00000008   Data   RO          323    .conststring        startup.o
    0x0800a508   0x00000014   Data   RO         2679    .conststring        RoboMentors_Board1_3.lib(freertos.o)
    0x0800a51c   0x00000020   Data   RO         6208    Region$$Table       anon$$obj.o


    Execution Region RW_IRAM1 (Base: 0x20000000, Size: 0x00005ea8, Max: 0x00030000, ABSOLUTE, COMPRESSED[0x00000018])

    Base Addr    Size         Type   Attr      Idx    E Section Name        Object

    0x20000000   0x0000002a   Data   RW          169    .data               can_device.o
    0x2000002a   0x0000001a   Data   RW          415    .data               study_task.o
    0x20000044   0x00000004   Data   RW         1513    .data               RoboMentors_Board1_3.lib(stm32f4xx_hal.o)
    0x20000048   0x00000004   Data   RW         2519    .data               RoboMentors_Board1_3.lib(can.o)
    0x2000004c   0x0000001c   Data   RW         2680    .data               RoboMentors_Board1_3.lib(freertos.o)
    0x20000068   0x00000008   Data   RW         2895    .data               RoboMentors_Board1_3.lib(bsp_can.o)
    0x20000070   0x00000004   Data   RW         3141    .data               RoboMentors_Board1_3.lib(system_stm32f4xx.o)
    0x20000074   0x00000018   Data   RW         3897    .data               RoboMentors_Board1_3.lib(heap_4.o)
    0x2000008c   0x0000003c   Data   RW         4010    .data               RoboMentors_Board1_3.lib(tasks.o)
    0x200000c8   0x0000000c   Data   RW         4287    .data               RoboMentors_Board1_3.lib(port.o)
    0x200000d4   0x00000084   Data   RW         4730    .data               RoboMentors_Board1_3.lib(bsp_imu.o)
    0x20000158   0x00000026   Zero   RW            6    .bss                uart_device.o
    0x2000017e   0x00000002   PAD
    0x20000180   0x0000012c   Zero   RW          168    .bss                can_device.o
    0x200002ac   0x00000270   Zero   RW          241    .bss                pid.o
    0x2000051c   0x0000001f   Zero   RW          414    .bss                study_task.o
    0x2000053b   0x00000001   PAD
    0x2000053c   0x00000088   Zero   RW         2518    .bss                RoboMentors_Board1_3.lib(can.o)
    0x200005c4   0x00000320   Zero   RW         2573    .bss                RoboMentors_Board1_3.lib(usart.o)
    0x200008e4   0x0000003c   Zero   RW         2638    .bss                RoboMentors_Board1_3.lib(stm32f4xx_hal_timebase_tim.o)
    0x20000920   0x00000080   Zero   RW         2894    .bss                RoboMentors_Board1_3.lib(bsp_can.o)
    0x200009a0   0x00000014   Zero   RW         2959    .bss                RoboMentors_Board1_3.lib(bsp_uart.o)
    0x200009b4   0x00003c00   Zero   RW         3896    .bss                RoboMentors_Board1_3.lib(heap_4.o)
    0x200045b4   0x000000f0   Zero   RW         4009    .bss                RoboMentors_Board1_3.lib(tasks.o)
    0x200046a4   0x00000168   Zero   RW         4539    .bss                RoboMentors_Board1_3.lib(tim.o)
    0x2000480c   0x00000048   Zero   RW         4673    .bss                RoboMentors_Board1_3.lib(adc.o)
    0x20004854   0x0000007c   Zero   RW         4728    .bss                RoboMentors_Board1_3.lib(bsp_imu.o)
    0x200048d0   0x00000020   Zero   RW         5447    .bss                RoboMentors_Board1_3.lib(rtc.o)
    0x200048f0   0x00000058   Zero   RW         5489    .bss                RoboMentors_Board1_3.lib(spi.o)
    0x20004948   0x00000060   Zero   RW         6063    .bss                c_w.l(libspace.o)
    0x200049a8   0x00000500   Zero   RW         6076    HEAP                RoboMentors_Board1_3.lib(startup_stm32f427xx.o)
    0x20004ea8   0x00001000   Zero   RW         6075    STACK               RoboMentors_Board1_3.lib(startup_stm32f427xx.o)


==============================================================================

Image component sizes


      Code (inc. data)   RO Data    RW Data    ZI Data      Debug   Object Name

       504         22          0         42        300       6458   can_device.o
       238          0          0          0        624       3536   pid.o
       188         28         28          0          0      19536   startup.o
       290         80          0          0          0      11431   stm32f4xx_it.o
      1136         90          0         26         31       2835   study_task.o
       396          8          0          0         38       7392   uart_device.o

    ----------------------------------------------------------------------
      2758        228         60         68        996      51188   Object Totals
         0          0         32          0          0          0   (incl. Generated)
         6          0          0          0          3          0   (incl. Padding)

    ----------------------------------------------------------------------

      Code (inc. data)   RO Data    RW Data    ZI Data      Debug   Library Member Name

       208         44          0          0         72       1697   adc.o
       488         58          0          8        128       3656   bsp_can.o
      4650        328         14        132        124      11240   bsp_imu.o
      1336        106          0          0          0       4194   bsp_io.o
      1720        128          0          0         20       5707   bsp_uart.o
       488         74          0          4        136       2426   can.o
       112          0          0          0          0      22538   cmsis_os.o
       152          6          0          0          0        846   dma.o
        86         14         60         28          0     749369   freertos.o
       692         44          0          0          0       1411   gpio.o
       692         62          0         24      15360       8923   heap_4.o
       148          0          0          0          0       8890   list.o
       468         44          0          0          0       2969   main.o
       838         78          0         12          0      11272   port.o
       232         32          0          0         32       1603   rtc.o
       180         38          0          0         88       1661   spi.o
        64         26        428          0       5376        828   startup_stm32f427xx.o
       120         16          0          4          0       4426   stm32f4xx_hal.o
       872         34          0          0          0       2831   stm32f4xx_hal_adc.o
      2820         32          0          0          0       8048   stm32f4xx_hal_can.o
       338         22          0          0          0      31641   stm32f4xx_hal_cortex.o
      1228         20          8          0          0     783819   stm32f4xx_hal_dma.o
       552         54          0          0          0       2376   stm32f4xx_hal_gpio.o
       164         12          0          0          0       1312   stm32f4xx_hal_pwr_ex.o
      1912         90          0          0          0       6257   stm32f4xx_hal_rcc.o
       880         24          0          0          0       1600   stm32f4xx_hal_rcc_ex.o
       932         14          0          0          0       5870   stm32f4xx_hal_rtc.o
       290          0          0          0          0       2822   stm32f4xx_hal_rtc_ex.o
       892          0          0          0          0       4385   stm32f4xx_hal_spi.o
      1594         88          0          0          0      12473   stm32f4xx_hal_tim.o
       228          0          0          0          0       3246   stm32f4xx_hal_tim_ex.o
       140         18          0          0         60       1544   stm32f4xx_hal_timebase_tim.o
      1988         14          0          0          0       9939   stm32f4xx_hal_uart.o
       100         18         24          4          0       1203   system_stm32f4xx.o
      1954        276          0         60        240      24762   tasks.o
      1692        212          0          0        360       6182   tim.o
      1240        218          0          0        800       4671   usart.o
        58          0          0          0          0          0   __dczerorl.o
         8          0          0          0          0         68   __main.o
         0          0          0          0          0          0   __rtentry.o
        12          0          0          0          0          0   __rtentry2.o
         6          0          0          0          0          0   __rtentry4.o
        52          8          0          0          0          0   __scatter.o
        28          0          0          0          0          0   __scatter_zi.o
        22          0          0          0          0        100   _rserrno.o
        16          0          0          0          0         68   aeabi_memset.o
        18          0          0          0          0         80   exit.o
         6          0          0          0          0        152   heapauxi.o
         0          0          0          0          0          0   indicate_semi.o
         2          0          0          0          0          0   libinit.o
         6          0          0          0          0          0   libinit2.o
         2          0          0          0          0          0   libshutdown.o
         2          0          0          0          0          0   libshutdown2.o
         8          4          0          0         96         68   libspace.o
         8          4          0          0          0         68   rt_errno_addr_intlibspace.o
        68          0          0          0          0         68   rt_memclr.o
        78          0          0          0          0         80   rt_memclr_w.o
       100          0          0          0          0         80   rt_memcpy_w.o
         2          0          0          0          0          0   rtexit.o
        10          0          0          0          0          0   rtexit2.o
        12          4          0          0          0         68   sys_exit.o
        74          0          0          0          0         80   sys_stackheap_outer.o
         2          0          0          0          0         68   use_no_semi.o
        24          0          0          0          0        164   basic.o
        98          4          0          0          0        140   d2f.o
       826         16          0          0          0        492   daddsub_clz.o
       688        140          0          0          0        256   ddiv.o
       340         12          0          0          0        152   dmul.o
       156          4          0          0          0        140   dnaninf.o
        12          0          0          0          0        116   dretinf.o
       408         56          0          0          0        168   dsqrt_umaal.o
        86          4          0          0          0        132   f2d.o
       140          4          0          0          0        132   fnaninf.o
        10          0          0          0          0        116   fpinit.o
        10          0          0          0          0        116   fretinf.o
         0          0          0          0          0          0   usenofp.o
       864         94         80          0          0        280   asin.o
       744        106        152          0          0        352   atan.o
       496         64          0          0          0        192   atan2.o
       104         16          0          0          0        496   dunder.o
        24          0          0          0          0        124   fabs.o
        48          0          0          0          0        124   fpclassify.o
       248          0          0          0          0        152   poly.o
         0          0          8          0          0          0   qnan.o
       232          0          0          0          0        296   sqrt.o

    ----------------------------------------------------------------------
     38702       2784        780        276      22892    1763825   Library Totals
        54          0          6          0          0          0   (incl. Padding)

    ----------------------------------------------------------------------

      Code (inc. data)   RO Data    RW Data    ZI Data      Debug   Library Name

     32490       2244        534        276      22796    1758637   RoboMentors_Board1_3.lib
       600         20          0          0         96       1048   c_w.l
      2798        240          0          0          0       2124   fz_wm.l
      2760        280        240          0          0       2016   m_wm.l

    ----------------------------------------------------------------------
     38702       2784        780        276      22892    1763825   Library Totals

    ----------------------------------------------------------------------

==============================================================================


      Code (inc. data)   RO Data    RW Data    ZI Data      Debug   

     41460       3012        840        344      23888    1789945   Grand Totals
     41460       3012        840         24      23888    1789945   ELF Image Totals (compressed)
     41460       3012        840         24          0          0   ROM Totals

==============================================================================

    Total RO  Size (Code + RO Data)                42300 (  41.31kB)
    Total RW  Size (RW Data + ZI Data)             24232 (  23.66kB)
    Total ROM Size (Code + RO Data + RW Data)      42324 (  41.33kB)

==============================================================================

